Archive member included to satisfy reference by file (symbol)

/courses/TDDI11/sw/lib/elf/libepc.a(init-cpu.o)
                              (start)
/courses/TDDI11/sw/lib/elf/libepc.a(init-idt.o)
                              /courses/TDDI11/sw/lib/elf/libepc.a(init-cpu.o) (Init_IDT)
/courses/TDDI11/sw/lib/elf/libepc.a(init-crt.o)
                              /courses/TDDI11/sw/lib/elf/libepc.a(init-cpu.o) (Init_CRT)
/courses/TDDI11/sw/lib/elf/libepc.a(display.o)
                              main.o (SetCursorPosition)
/courses/TDDI11/sw/lib/elf/libepc.a(init8259.o)
                              /courses/TDDI11/sw/lib/elf/libepc.a(init-cpu.o) (Init8259)
/courses/TDDI11/sw/lib/elf/libepc.a(init8253.o)
                              /courses/TDDI11/sw/lib/elf/libepc.a(init-cpu.o) (Init8253)
/courses/TDDI11/sw/lib/elf/libepc.a(checkcpu.o)
                              /courses/TDDI11/sw/lib/elf/libepc.a(init-cpu.o) (Check_CPU)
/courses/TDDI11/sw/lib/elf/libepc.a(io.o)
                              /courses/TDDI11/sw/lib/elf/libepc.a(init-idt.o) (ISR_PIC1)
/courses/TDDI11/sw/lib/elf/libepc.a(keyboard.o)
                              /courses/TDDI11/sw/lib/elf/libepc.a(io.o) (Enqueue)

Discarded input sections

 .eh_frame      0x0000000000000000       0x98 main.o

Memory Configuration

Name             Origin             Length             Attributes
conventional     0x0000000000000000 0x00000000000a0000
reserved         0x00000000000a0000 0x0000000000060000
extended         0x0000000000100000 0x00000000fff00000
*default*        0x0000000000000000 0xffffffffffffffff

Linker script and memory map

LOAD main.o
LOAD llmultiply.o
LOAD /courses/TDDI11/sw/lib/elf/libepc.a
LOAD /courses/TDDI11/sw/lib/elf/djgpp/libc.a
LOAD /courses/TDDI11/sw/i386-elf-gcc-7.3.0/lib/gcc/i386-elf/7.3.0/libgcc.a

.text           0x0000000000000000     0x18d0
                0x0000000000000000                text_frst = .
 *(.start)
 .start         0x0000000000000000        0x8 /courses/TDDI11/sw/lib/elf/libepc.a(init-cpu.o)
                0x0000000000000000                start
 *(.init)
 *(.text)
 .text          0x0000000000000008      0x27e main.o
                0x0000000000000008                PutUnsignedLongLong
                0x0000000000000044                llmultiply
                0x00000000000000f2                main
 *fill*         0x0000000000000286        0xa 
 .text          0x0000000000000290       0x66 llmultiply.o
 *fill*         0x00000000000002f6        0x2 
 .text          0x00000000000002f8       0x50 /courses/TDDI11/sw/lib/elf/libepc.a(init-cpu.o)
                0x00000000000002f8                Init_CPU
 .text          0x0000000000000348      0x5a0 /courses/TDDI11/sw/lib/elf/libepc.a(init-idt.o)
                0x0000000000000758                IRQ2INT
                0x000000000000076c                _GetISR
                0x00000000000007b0                SetISR
                0x00000000000007e8                Init_IDT
 .text          0x00000000000008e8      0x110 /courses/TDDI11/sw/lib/elf/libepc.a(init-crt.o)
                0x00000000000008e8                Init_CRT
                0x000000000000091c                _LastMemoryAddress
 .text          0x00000000000009f8      0x6e0 /courses/TDDI11/sw/lib/elf/libepc.a(display.o)
                0x00000000000009f8                SetCursorVisible
                0x0000000000000a7c                _GetCursorRow
                0x0000000000000a90                _GetCursorCol
                0x0000000000000aa4                SetCursorPosition
                0x0000000000000b48                ClearScreen
                0x0000000000000bb0                _PutAttb
                0x0000000000000bfc                _PutCharAt
                0x0000000000000c28                _PutChar
                0x0000000000000cac                PutString
                0x0000000000000ce4                PutUnsigned
                0x0000000000000d1c                FormatUnsigned
                0x0000000000000dac                Unsigned2Ascii
                0x0000000000000e30                _Cell
 .text          0x00000000000010d8       0xe0 /courses/TDDI11/sw/lib/elf/libepc.a(init8259.o)
                0x00000000000010d8                Init8259
 .text          0x00000000000011b8       0xb0 /courses/TDDI11/sw/lib/elf/libepc.a(init8253.o)
                0x00000000000011b8                Init8253
 .text          0x0000000000001268       0x98 /courses/TDDI11/sw/lib/elf/libepc.a(checkcpu.o)
                0x0000000000001268                Check_CPU
 .text          0x0000000000001300       0x60 /courses/TDDI11/sw/lib/elf/libepc.a(io.o)
                0x0000000000001300                TimerTickISR
                0x000000000000130c                KeyboardISR
                0x000000000000132c                ISR_PIC1
                0x0000000000001333                ISR_PIC2
                0x000000000000133c                ___main
                0x000000000000133d                inportb
                0x0000000000001347                outportb
                0x0000000000001359                _exit
 .text          0x0000000000001360      0x570 /courses/TDDI11/sw/lib/elf/libepc.a(keyboard.o)
                0x0000000000001360                ScanCodeRdy
                0x0000000000001384                GetScanCode
                0x00000000000013b4                ScanCode2Ascii
                0x0000000000001574                SetsKybdState
                0x0000000000001764                Enqueue
                0x00000000000018cf                text_last = (. - 0x1)

.data           0x00000000000018e0      0x77b
                0x00000000000018e0                data_frst = .
 *(.data)
 .data          0x00000000000018e0       0xc0 main.o
                0x00000000000018e0                cases
 .data          0x00000000000019a0        0x0 llmultiply.o
 .data          0x00000000000019a0       0x20 /courses/TDDI11/sw/lib/elf/libepc.a(init-cpu.o)
                0x00000000000019be                code_selector
 .data          0x00000000000019c0       0x90 /courses/TDDI11/sw/lib/elf/libepc.a(init-idt.o)
 .data          0x0000000000001a50       0x10 /courses/TDDI11/sw/lib/elf/libepc.a(init-crt.o)
 .data          0x0000000000001a60       0x30 /courses/TDDI11/sw/lib/elf/libepc.a(display.o)
 .data          0x0000000000001a90        0x0 /courses/TDDI11/sw/lib/elf/libepc.a(init8259.o)
 .data          0x0000000000001a90        0x0 /courses/TDDI11/sw/lib/elf/libepc.a(init8253.o)
 .data          0x0000000000001a90        0xc /courses/TDDI11/sw/lib/elf/libepc.a(io.o)
                0x0000000000001a90                msec
                0x0000000000001a94                old_tick_isr
                0x0000000000001a98                old_kybd_isr
 .data          0x0000000000001a9c      0x5a0 /courses/TDDI11/sw/lib/elf/libepc.a(keyboard.o)
 *(.rodata)
 .rodata        0x000000000000203c       0x1f main.o
 *(.rodata.str1.1)
 *(.rodata.str1.32)
                0x000000000000205a                data_last = (. - 0x1)

.bss            0x000000000000205c      0x83c
                0x000000000000205c                bss_frst = .
 *(.bss)
 .bss           0x000000000000205c        0x0 main.o
 .bss           0x000000000000205c      0x800 /courses/TDDI11/sw/lib/elf/libepc.a(init-idt.o)
 .bss           0x000000000000285c        0x0 /courses/TDDI11/sw/lib/elf/libepc.a(init-crt.o)
 .bss           0x000000000000285c        0x8 /courses/TDDI11/sw/lib/elf/libepc.a(display.o)
 .bss           0x0000000000002864        0x0 /courses/TDDI11/sw/lib/elf/libepc.a(init8259.o)
 .bss           0x0000000000002864        0x0 /courses/TDDI11/sw/lib/elf/libepc.a(init8253.o)
 .bss           0x0000000000002864       0x34 /courses/TDDI11/sw/lib/elf/libepc.a(keyboard.o)
 *(COMMON)
                0x0000000000002897                bss_last = (. - 0x1)

/DISCARD/
 *(.eh_frame)
                0x0000000000002898                stack_frst = (bss_last + 0x1)
                0x000000000000a897                stack_last = (bss_last + 0x8000)
                0x000000000000a898                heap_frst = (stack_last + 0x1)
OUTPUT(embedded.bin binary)

.debug_info     0x0000000000000000      0x232
 .debug_info    0x0000000000000000      0x232 main.o

.debug_abbrev   0x0000000000000000      0x100
 .debug_abbrev  0x0000000000000000      0x100 main.o

.debug_aranges  0x0000000000000000       0x20
 .debug_aranges
                0x0000000000000000       0x20 main.o

.debug_line     0x0000000000000000       0xb9
 .debug_line    0x0000000000000000       0xb9 main.o

.debug_str      0x0000000000000000      0x141
 .debug_str     0x0000000000000000      0x141 main.o

.comment        0x0000000000000000       0x12
 .comment       0x0000000000000000       0x12 main.o
