Archive member included to satisfy reference by file (symbol)

/opt/liu/stm32cubeide/1.14.0/2/plugins/com.st.stm32cube.ide.mcu.externaltools.gnu-tools-for-stm32.11.3.rel1.linux64_1.1.100.202309141235/tools/bin/../lib/gcc/arm-none-eabi/11.3.1/../../../../arm-none-eabi/lib/thumb/v8-m.main+fp/hard/libc_nano.a(libc_a-exit.o)
                              /opt/liu/stm32cubeide/1.14.0/2/plugins/com.st.stm32cube.ide.mcu.externaltools.gnu-tools-for-stm32.11.3.rel1.linux64_1.1.100.202309141235/tools/bin/../lib/gcc/arm-none-eabi/11.3.1/../../../../arm-none-eabi/lib/thumb/v8-m.main+fp/hard/crt0.o (exit)
/opt/liu/stm32cubeide/1.14.0/2/plugins/com.st.stm32cube.ide.mcu.externaltools.gnu-tools-for-stm32.11.3.rel1.linux64_1.1.100.202309141235/tools/bin/../lib/gcc/arm-none-eabi/11.3.1/../../../../arm-none-eabi/lib/thumb/v8-m.main+fp/hard/libc_nano.a(libc_a-findfp.o)
                              /opt/liu/stm32cubeide/1.14.0/2/plugins/com.st.stm32cube.ide.mcu.externaltools.gnu-tools-for-stm32.11.3.rel1.linux64_1.1.100.202309141235/tools/bin/../lib/gcc/arm-none-eabi/11.3.1/../../../../arm-none-eabi/lib/thumb/v8-m.main+fp/hard/libc_nano.a(libc_a-exit.o) (__stdio_exit_handler)
/opt/liu/stm32cubeide/1.14.0/2/plugins/com.st.stm32cube.ide.mcu.externaltools.gnu-tools-for-stm32.11.3.rel1.linux64_1.1.100.202309141235/tools/bin/../lib/gcc/arm-none-eabi/11.3.1/../../../../arm-none-eabi/lib/thumb/v8-m.main+fp/hard/libc_nano.a(libc_a-fwalk.o)
                              /opt/liu/stm32cubeide/1.14.0/2/plugins/com.st.stm32cube.ide.mcu.externaltools.gnu-tools-for-stm32.11.3.rel1.linux64_1.1.100.202309141235/tools/bin/../lib/gcc/arm-none-eabi/11.3.1/../../../../arm-none-eabi/lib/thumb/v8-m.main+fp/hard/libc_nano.a(libc_a-findfp.o) (_fwalk_sglue)
/opt/liu/stm32cubeide/1.14.0/2/plugins/com.st.stm32cube.ide.mcu.externaltools.gnu-tools-for-stm32.11.3.rel1.linux64_1.1.100.202309141235/tools/bin/../lib/gcc/arm-none-eabi/11.3.1/../../../../arm-none-eabi/lib/thumb/v8-m.main+fp/hard/libc_nano.a(libc_a-stdio.o)
                              /opt/liu/stm32cubeide/1.14.0/2/plugins/com.st.stm32cube.ide.mcu.externaltools.gnu-tools-for-stm32.11.3.rel1.linux64_1.1.100.202309141235/tools/bin/../lib/gcc/arm-none-eabi/11.3.1/../../../../arm-none-eabi/lib/thumb/v8-m.main+fp/hard/libc_nano.a(libc_a-findfp.o) (__sread)
/opt/liu/stm32cubeide/1.14.0/2/plugins/com.st.stm32cube.ide.mcu.externaltools.gnu-tools-for-stm32.11.3.rel1.linux64_1.1.100.202309141235/tools/bin/../lib/gcc/arm-none-eabi/11.3.1/../../../../arm-none-eabi/lib/thumb/v8-m.main+fp/hard/libc_nano.a(libc_a-memset.o)
                              /opt/liu/stm32cubeide/1.14.0/2/plugins/com.st.stm32cube.ide.mcu.externaltools.gnu-tools-for-stm32.11.3.rel1.linux64_1.1.100.202309141235/tools/bin/../lib/gcc/arm-none-eabi/11.3.1/../../../../arm-none-eabi/lib/thumb/v8-m.main+fp/hard/crt0.o (memset)
/opt/liu/stm32cubeide/1.14.0/2/plugins/com.st.stm32cube.ide.mcu.externaltools.gnu-tools-for-stm32.11.3.rel1.linux64_1.1.100.202309141235/tools/bin/../lib/gcc/arm-none-eabi/11.3.1/../../../../arm-none-eabi/lib/thumb/v8-m.main+fp/hard/libc_nano.a(libc_a-closer.o)
                              /opt/liu/stm32cubeide/1.14.0/2/plugins/com.st.stm32cube.ide.mcu.externaltools.gnu-tools-for-stm32.11.3.rel1.linux64_1.1.100.202309141235/tools/bin/../lib/gcc/arm-none-eabi/11.3.1/../../../../arm-none-eabi/lib/thumb/v8-m.main+fp/hard/libc_nano.a(libc_a-stdio.o) (_close_r)
/opt/liu/stm32cubeide/1.14.0/2/plugins/com.st.stm32cube.ide.mcu.externaltools.gnu-tools-for-stm32.11.3.rel1.linux64_1.1.100.202309141235/tools/bin/../lib/gcc/arm-none-eabi/11.3.1/../../../../arm-none-eabi/lib/thumb/v8-m.main+fp/hard/libc_nano.a(libc_a-reent.o)
                              /opt/liu/stm32cubeide/1.14.0/2/plugins/com.st.stm32cube.ide.mcu.externaltools.gnu-tools-for-stm32.11.3.rel1.linux64_1.1.100.202309141235/tools/bin/../lib/gcc/arm-none-eabi/11.3.1/../../../../arm-none-eabi/lib/thumb/v8-m.main+fp/hard/libc_nano.a(libc_a-closer.o) (errno)
/opt/liu/stm32cubeide/1.14.0/2/plugins/com.st.stm32cube.ide.mcu.externaltools.gnu-tools-for-stm32.11.3.rel1.linux64_1.1.100.202309141235/tools/bin/../lib/gcc/arm-none-eabi/11.3.1/../../../../arm-none-eabi/lib/thumb/v8-m.main+fp/hard/libc_nano.a(libc_a-impure.o)
                              /opt/liu/stm32cubeide/1.14.0/2/plugins/com.st.stm32cube.ide.mcu.externaltools.gnu-tools-for-stm32.11.3.rel1.linux64_1.1.100.202309141235/tools/bin/../lib/gcc/arm-none-eabi/11.3.1/../../../../arm-none-eabi/lib/thumb/v8-m.main+fp/hard/libc_nano.a(libc_a-reent.o) (_impure_ptr)
/opt/liu/stm32cubeide/1.14.0/2/plugins/com.st.stm32cube.ide.mcu.externaltools.gnu-tools-for-stm32.11.3.rel1.linux64_1.1.100.202309141235/tools/bin/../lib/gcc/arm-none-eabi/11.3.1/../../../../arm-none-eabi/lib/thumb/v8-m.main+fp/hard/libc_nano.a(libc_a-lseekr.o)
[...]
Memory Configuration

Name             Origin             Length             Attributes
RAM              0x0000000020000000 0x0000000000030000 xrw
ROM              0x0000000008000000 0x0000000000080000 xr
*default*        0x0000000000000000 0xffffffffffffffff

Linker script and memory map

LOAD /opt/liu/stm32cubeide/1.14.0/2/plugins/com.st.stm32cube.ide.mcu.externaltools.gnu-tools-for-stm32.11.3.rel1.linux64_1.1.100.202309141235/tools/bin/../lib/gcc/arm-none-eabi/11.3.1/thumb/v8-m.main+fp/hard/crti.o
LOAD /opt/liu/stm32cubeide/1.14.0/2/plugins/com.st.stm32cube.ide.mcu.externaltools.gnu-tools-for-stm32.11.3.rel1.linux64_1.1.100.202309141235/tools/bin/../lib/gcc/arm-none-eabi/11.3.1/thumb/v8-m.main+fp/hard/crtbegin.o
LOAD /opt/liu/stm32cubeide/1.14.0/2/plugins/com.st.stm32cube.ide.mcu.externaltools.gnu-tools-for-stm32.11.3.rel1.linux64_1.1.100.202309141235/tools/bin/../lib/gcc/arm-none-eabi/11.3.1/../../../../arm-none-eabi/lib/thumb/v8-m.main+fp/hard/crt0.o
LOAD ./Drivers/CMSIS/system_stm32l5xx.o
LOAD ./Drivers/STM32L5xx_HAL_Driver/stm32l5xx_hal.o
LOAD ./Drivers/STM32L5xx_HAL_Driver/stm32l5xx_hal_cortex.o
LOAD ./Drivers/STM32L5xx_HAL_Driver/stm32l5xx_hal_dfsdm.o
LOAD ./Drivers/STM32L5xx_HAL_Driver/stm32l5xx_hal_dfsdm_ex.o
LOAD ./Drivers/STM32L5xx_HAL_Driver/stm32l5xx_hal_dma.o
LOAD ./Drivers/STM32L5xx_HAL_Driver/stm32l5xx_hal_dma_ex.o
LOAD ./Drivers/STM32L5xx_HAL_Driver/stm32l5xx_hal_exti.o
LOAD ./Drivers/STM32L5xx_HAL_Driver/stm32l5xx_hal_gpio.o
LOAD ./Drivers/STM32L5xx_HAL_Driver/stm32l5xx_hal_i2c.o
LOAD ./Drivers/STM32L5xx_HAL_Driver/stm32l5xx_hal_i2c_ex.o
LOAD ./Drivers/STM32L5xx_HAL_Driver/stm32l5xx_hal_icache.o
LOAD ./Drivers/STM32L5xx_HAL_Driver/stm32l5xx_hal_pwr.o
LOAD ./Drivers/STM32L5xx_HAL_Driver/stm32l5xx_hal_pwr_ex.o
LOAD ./Drivers/STM32L5xx_HAL_Driver/stm32l5xx_hal_rcc.o
LOAD ./Drivers/STM32L5xx_HAL_Driver/stm32l5xx_hal_rcc_ex.o
LOAD ./Drivers/STM32L5xx_HAL_Driver/stm32l5xx_hal_sram.o
LOAD ./Drivers/STM32L5xx_HAL_Driver/stm32l5xx_ll_fmc.o
LOAD ./Drivers/TicTacToe/Components/ft6x06.o
LOAD ./Drivers/TicTacToe/Components/ft6x06_reg.o
LOAD ./Drivers/TicTacToe/Components/lsm6dso.o
LOAD ./Drivers/TicTacToe/Components/lsm6dso_reg.o
LOAD ./Drivers/TicTacToe/Components/st7789h2.o
LOAD ./Drivers/TicTacToe/Components/st7789h2_reg.o
LOAD ./Drivers/TicTacToe/STM32L562E-DK/stm32l562e_discovery.o
LOAD ./Drivers/TicTacToe/STM32L562E-DK/stm32l562e_discovery_bus.o
LOAD ./Drivers/TicTacToe/STM32L562E-DK/stm32l562e_discovery_lcd.o
LOAD ./Drivers/TicTacToe/STM32L562E-DK/stm32l562e_discovery_motion_sensors.o
LOAD ./Drivers/TicTacToe/STM32L562E-DK/stm32l562e_discovery_ts.o
LOAD ./Example/Startup/startup_stm32l562qeixq.o
LOAD ./Example/User/main.o
LOAD ./Example/User/stm32l5xx_it.o
LOAD ./Example/User/syscalls.o
LOAD ./Example/User/sysmem.o
LOAD ./Utilities/stm32_lcd.o
START GROUP
LOAD /opt/liu/stm32cubeide/1.14.0/2/plugins/com.st.stm32cube.ide.mcu.externaltools.gnu-tools-for-stm32.11.3.rel1.linux64_1.1.100.202309141235/tools/bin/../lib/gcc/arm-none-eabi/11.3.1/../../../../arm-none-eabi/lib/thumb/v8-m.main+fp/hard/libc_nano.a
LOAD /opt/liu/stm32cubeide/1.14.0/2/plugins/com.st.stm32cube.ide.mcu.externaltools.gnu-tools-for-stm32.11.3.rel1.linux64_1.1.100.202309141235/tools/bin/../lib/gcc/arm-none-eabi/11.3.1/../../../../arm-none-eabi/lib/thumb/v8-m.main+fp/hard/libm.a
END GROUP
START GROUP
LOAD /opt/liu/stm32cubeide/1.14.0/2/plugins/com.st.stm32cube.ide.mcu.externaltools.gnu-tools-for-stm32.11.3.rel1.linux64_1.1.100.202309141235/tools/bin/../lib/gcc/arm-none-eabi/11.3.1/thumb/v8-m.main+fp/hard/libgcc.a
LOAD /opt/liu/stm32cubeide/1.14.0/2/plugins/com.st.stm32cube.ide.mcu.externaltools.gnu-tools-for-stm32.11.3.rel1.linux64_1.1.100.202309141235/tools/bin/../lib/gcc/arm-none-eabi/11.3.1/../../../../arm-none-eabi/lib/thumb/v8-m.main+fp/hard/libc_nano.a
END GROUP
START GROUP
LOAD /opt/liu/stm32cubeide/1.14.0/2/plugins/com.st.stm32cube.ide.mcu.externaltools.gnu-tools-for-stm32.11.3.rel1.linux64_1.1.100.202309141235/tools/bin/../lib/gcc/arm-none-eabi/11.3.1/thumb/v8-m.main+fp/hard/libgcc.a
LOAD /opt/liu/stm32cubeide/1.14.0/2/plugins/com.st.stm32cube.ide.mcu.externaltools.gnu-tools-for-stm32.11.3.rel1.linux64_1.1.100.202309141235/tools/bin/../lib/gcc/arm-none-eabi/11.3.1/../../../../arm-none-eabi/lib/thumb/v8-m.main+fp/hard/libc_nano.a
LOAD /opt/liu/stm32cubeide/1.14.0/2/plugins/com.st.stm32cube.ide.mcu.externaltools.gnu-tools-for-stm32.11.3.rel1.linux64_1.1.100.202309141235/tools/bin/../lib/gcc/arm-none-eabi/11.3.1/../../../../arm-none-eabi/lib/thumb/v8-m.main+fp/hard/libnosys.a
END GROUP
START GROUP
LOAD /opt/liu/stm32cubeide/1.14.0/2/plugins/com.st.stm32cube.ide.mcu.externaltools.gnu-tools-for-stm32.11.3.rel1.linux64_1.1.100.202309141235/tools/bin/../lib/gcc/arm-none-eabi/11.3.1/thumb/v8-m.main+fp/hard/libgcc.a
LOAD /opt/liu/stm32cubeide/1.14.0/2/plugins/com.st.stm32cube.ide.mcu.externaltools.gnu-tools-for-stm32.11.3.rel1.linux64_1.1.100.202309141235/tools/bin/../lib/gcc/arm-none-eabi/11.3.1/../../../../arm-none-eabi/lib/thumb/v8-m.main+fp/hard/libc_nano.a
LOAD /opt/liu/stm32cubeide/1.14.0/2/plugins/com.st.stm32cube.ide.mcu.externaltools.gnu-tools-for-stm32.11.3.rel1.linux64_1.1.100.202309141235/tools/bin/../lib/gcc/arm-none-eabi/11.3.1/../../../../arm-none-eabi/lib/thumb/v8-m.main+fp/hard/libnosys.a
END GROUP
LOAD /opt/liu/stm32cubeide/1.14.0/2/plugins/com.st.stm32cube.ide.mcu.externaltools.gnu-tools-for-stm32.11.3.rel1.linux64_1.1.100.202309141235/tools/bin/../lib/gcc/arm-none-eabi/11.3.1/thumb/v8-m.main+fp/hard/crtend.o
LOAD /opt/liu/stm32cubeide/1.14.0/2/plugins/com.st.stm32cube.ide.mcu.externaltools.gnu-tools-for-stm32.11.3.rel1.linux64_1.1.100.202309141235/tools/bin/../lib/gcc/arm-none-eabi/11.3.1/thumb/v8-m.main+fp/hard/crtn.o
                0x0000000020030000                _estack = (ORIGIN (RAM) + LENGTH (RAM))
                0x0000000000000400                _Min_Heap_Size = 0x400
                0x0000000000000800                _Min_Stack_Size = 0x800

.isr_vector     0x0000000008000000      0x1f8
                0x0000000008000000                . = ALIGN (0x8)
 *(.isr_vector)
 .isr_vector    0x0000000008000000      0x1f4 ./Example/Startup/startup_stm32l562qeixq.o
                0x0000000008000000                g_pfnVectors
                0x00000000080001f8                . = ALIGN (0x8)
 *fill*         0x00000000080001f4        0x4 

.text           0x00000000080001f8     0x75d0
                0x00000000080001f8                . = ALIGN (0x8)
 *(.text)
 .text          0x00000000080001f8       0x40 /opt/liu/stm32cubeide/1.14.0/2/plugins/com.st.stm32cube.ide.mcu.externaltools.gnu-tools-for-stm32.11.3.rel1.linux64_1.1.100.202309141235/tools/bin/../lib/gcc/arm-none-eabi/11.3.1/thumb/v8-m.main+fp/hard/crtbegin.o
 *(.text*)
 .text.SystemInit
                0x0000000008000238       0x24 ./Drivers/CMSIS/system_stm32l5xx.o
                0x0000000008000238                SystemInit
 .text.SystemCoreClockUpdate
                0x000000000800025c      0x158 ./Drivers/CMSIS/system_stm32l5xx.o
                0x000000000800025c                SystemCoreClockUpdate
 .text.HAL_Init
                0x00000000080003b4       0x34 ./Drivers/STM32L5xx_HAL_Driver/stm32l5xx_hal.o
                0x00000000080003b4                HAL_Init
 .text.HAL_MspInit
                0x00000000080003e8        0xe ./Drivers/STM32L5xx_HAL_Driver/stm32l5xx_hal.o
                0x00000000080003e8                HAL_MspInit
 *fill*         0x00000000080003f6        0x2 
 .text.HAL_InitTick
                0x00000000080003f8       0x78 ./Drivers/STM32L5xx_HAL_Driver/stm32l5xx_hal.o
                0x00000000080003f8                HAL_InitTick
 .text.HAL_IncTick
                0x0000000008000470       0x28 ./Drivers/STM32L5xx_HAL_Driver/stm32l5xx_hal.o
                0x0000000008000470                HAL_IncTick
 .text.HAL_GetTick
                0x0000000008000498       0x18 ./Drivers/STM32L5xx_HAL_Driver/stm32l5xx_hal.o
                0x0000000008000498                HAL_GetTick
 .text.HAL_Delay
                0x00000000080004b0       0x48 ./Drivers/STM32L5xx_HAL_Driver/stm32l5xx_hal.o
                0x00000000080004b0                HAL_Delay
 .text.__NVIC_SetPriorityGrouping
                0x00000000080004f8       0x48 ./Drivers/STM32L5xx_HAL_Driver/stm32l5xx_hal_cortex.o
 .text.__NVIC_GetPriorityGrouping
                0x0000000008000540       0x1c ./Drivers/STM32L5xx_HAL_Driver/stm32l5xx_hal_cortex.o
 .text.__NVIC_EnableIRQ
                0x000000000800055c       0x3c ./Drivers/STM32L5xx_HAL_Driver/stm32l5xx_hal_cortex.o
 .text.__NVIC_SetPriority
                0x0000000008000598       0x54 ./Drivers/STM32L5xx_HAL_Driver/stm32l5xx_hal_cortex.o
 .text.NVIC_EncodePriority
                0x00000000080005ec       0x66 ./Drivers/STM32L5xx_HAL_Driver/stm32l5xx_hal_cortex.o
 *fill*         0x0000000008000652        0x2 
 .text.SysTick_Config
                0x0000000008000654       0x44 ./Drivers/STM32L5xx_HAL_Driver/stm32l5xx_hal_cortex.o
 .text.HAL_NVIC_SetPriorityGrouping
                0x0000000008000698       0x16 ./Drivers/STM32L5xx_HAL_Driver/stm32l5xx_hal_cortex.o
                0x0000000008000698                HAL_NVIC_SetPriorityGrouping
 .text.HAL_NVIC_SetPriority
                0x00000000080006ae       0x34 ./Drivers/STM32L5xx_HAL_Driver/stm32l5xx_hal_cortex.o
                0x00000000080006ae                HAL_NVIC_SetPriority
 .text.HAL_NVIC_EnableIRQ
                0x00000000080006e2       0x1c ./Drivers/STM32L5xx_HAL_Driver/stm32l5xx_hal_cortex.o
                0x00000000080006e2                HAL_NVIC_EnableIRQ
 .text.HAL_SYSTICK_Config
                0x00000000080006fe       0x18 ./Drivers/STM32L5xx_HAL_Driver/stm32l5xx_hal_cortex.o
                0x00000000080006fe                HAL_SYSTICK_Config
 .text.HAL_EXTI_RegisterCallback
                0x0000000008000716       0x58 ./Drivers/STM32L5xx_HAL_Driver/stm32l5xx_hal_exti.o
                0x0000000008000716                HAL_EXTI_RegisterCallback
 .text.HAL_EXTI_GetHandle
                0x000000000800076e       0x28 ./Drivers/STM32L5xx_HAL_Driver/stm32l5xx_hal_exti.o
                0x000000000800076e                HAL_EXTI_GetHandle
 *fill*         0x0000000008000796        0x2 
 .text.HAL_EXTI_IRQHandler
                0x0000000008000798       0x90 ./Drivers/STM32L5xx_HAL_Driver/stm32l5xx_hal_exti.o
                0x0000000008000798                HAL_EXTI_IRQHandler
 .text.HAL_EXTI_GetPending
                0x0000000008000828       0x6c ./Drivers/STM32L5xx_HAL_Driver/stm32l5xx_hal_exti.o
                0x0000000008000828                HAL_EXTI_GetPending
 .text.HAL_EXTI_ClearPending
                0x0000000008000894       0x5c ./Drivers/STM32L5xx_HAL_Driver/stm32l5xx_hal_exti.o
                0x0000000008000894                HAL_EXTI_ClearPending
 .text.HAL_GPIO_Init
                0x00000000080008f0      0x300 ./Drivers/STM32L5xx_HAL_Driver/stm32l5xx_hal_gpio.o
                0x00000000080008f0                HAL_GPIO_Init
 .text.HAL_GPIO_DeInit
                0x0000000008000bf0      0x1dc ./Drivers/STM32L5xx_HAL_Driver/stm32l5xx_hal_gpio.o
                0x0000000008000bf0                HAL_GPIO_DeInit
 .text.HAL_GPIO_WritePin
                0x0000000008000dcc       0x30 ./Drivers/STM32L5xx_HAL_Driver/stm32l5xx_hal_gpio.o
                0x0000000008000dcc                HAL_GPIO_WritePin
 .text.HAL_GPIO_TogglePin
                0x0000000008000dfc       0x34 ./Drivers/STM32L5xx_HAL_Driver/stm32l5xx_hal_gpio.o
                0x0000000008000dfc                HAL_GPIO_TogglePin
 .text.HAL_I2C_Init
                0x0000000008000e30      0x11e ./Drivers/STM32L5xx_HAL_Driver/stm32l5xx_hal_i2c.o
                0x0000000008000e30                HAL_I2C_Init
 .text.HAL_I2C_DeInit
                0x0000000008000f4e       0x5e ./Drivers/STM32L5xx_HAL_Driver/stm32l5xx_hal_i2c.o
                0x0000000008000f4e                HAL_I2C_DeInit
 .text.HAL_I2C_MspInit
                0x0000000008000fac       0x14 ./Drivers/STM32L5xx_HAL_Driver/stm32l5xx_hal_i2c.o
                0x0000000008000fac                HAL_I2C_MspInit
 .text.HAL_I2C_MspDeInit
                0x0000000008000fc0       0x14 ./Drivers/STM32L5xx_HAL_Driver/stm32l5xx_hal_i2c.o
                0x0000000008000fc0                HAL_I2C_MspDeInit
 .text.HAL_I2C_Mem_Write
                0x0000000008000fd4      0x228 ./Drivers/STM32L5xx_HAL_Driver/stm32l5xx_hal_i2c.o
                0x0000000008000fd4                HAL_I2C_Mem_Write
 .text.HAL_I2C_Mem_Read
                0x00000000080011fc      0x234 ./Drivers/STM32L5xx_HAL_Driver/stm32l5xx_hal_i2c.o
                0x00000000080011fc                HAL_I2C_Mem_Read
 .text.HAL_I2C_GetState
                0x0000000008001430       0x1c ./Drivers/STM32L5xx_HAL_Driver/stm32l5xx_hal_i2c.o
                0x0000000008001430                HAL_I2C_GetState
 .text.HAL_I2C_GetError
                0x000000000800144c       0x18 ./Drivers/STM32L5xx_HAL_Driver/stm32l5xx_hal_i2c.o
                0x000000000800144c                HAL_I2C_GetError
 .text.I2C_RequestMemoryWrite
                0x0000000008001464       0xa8 ./Drivers/STM32L5xx_HAL_Driver/stm32l5xx_hal_i2c.o
 .text.I2C_RequestMemoryRead
                0x000000000800150c       0xa8 ./Drivers/STM32L5xx_HAL_Driver/stm32l5xx_hal_i2c.o
 .text.I2C_Flush_TXDR
                0x00000000080015b4       0x48 ./Drivers/STM32L5xx_HAL_Driver/stm32l5xx_hal_i2c.o
 .text.I2C_WaitOnFlagUntilTimeout
                0x00000000080015fc       0x9e ./Drivers/STM32L5xx_HAL_Driver/stm32l5xx_hal_i2c.o
 .text.I2C_WaitOnTXISFlagUntilTimeout
                0x000000000800169a       0x8e ./Drivers/STM32L5xx_HAL_Driver/stm32l5xx_hal_i2c.o
 .text.I2C_WaitOnSTOPFlagUntilTimeout
                0x0000000008001728       0x86 ./Drivers/STM32L5xx_HAL_Driver/stm32l5xx_hal_i2c.o
 *fill*         0x00000000080017ae        0x2 
 .text.I2C_IsErrorOccurred
                0x00000000080017b0      0x1c0 ./Drivers/STM32L5xx_HAL_Driver/stm32l5xx_hal_i2c.o
 .text.I2C_TransferConfig
                0x0000000008001970       0x64 ./Drivers/STM32L5xx_HAL_Driver/stm32l5xx_hal_i2c.o
 .text.HAL_I2CEx_ConfigAnalogFilter
                0x00000000080019d4       0x96 ./Drivers/STM32L5xx_HAL_Driver/stm32l5xx_hal_i2c_ex.o
                0x00000000080019d4                HAL_I2CEx_ConfigAnalogFilter
 .text.HAL_I2CEx_ConfigDigitalFilter
                0x0000000008001a6a       0x98 ./Drivers/STM32L5xx_HAL_Driver/stm32l5xx_hal_i2c_ex.o
                0x0000000008001a6a                HAL_I2CEx_ConfigDigitalFilter
 *fill*         0x0000000008001b02        0x2 
 .text.HAL_PWREx_GetVoltageRange
                0x0000000008001b04       0x1c ./Drivers/STM32L5xx_HAL_Driver/stm32l5xx_hal_pwr_ex.o
                0x0000000008001b04                HAL_PWREx_GetVoltageRange
 .text.HAL_PWREx_ControlVoltageScaling
                0x0000000008001b20       0xb8 ./Drivers/STM32L5xx_HAL_Driver/stm32l5xx_hal_pwr_ex.o
                0x0000000008001b20                HAL_PWREx_ControlVoltageScaling
 .text.HAL_PWREx_EnableVddIO2
                0x0000000008001bd8       0x20 ./Drivers/STM32L5xx_HAL_Driver/stm32l5xx_hal_pwr_ex.o
                0x0000000008001bd8                HAL_PWREx_EnableVddIO2
 .text.HAL_PWREx_SMPS_GetEffectiveMode
                0x0000000008001bf8       0x48 ./Drivers/STM32L5xx_HAL_Driver/stm32l5xx_hal_pwr_ex.o
                0x0000000008001bf8                HAL_PWREx_SMPS_GetEffectiveMode
 .text.HAL_RCC_OscConfig
                0x0000000008001c40      0x9ac ./Drivers/STM32L5xx_HAL_Driver/stm32l5xx_hal_rcc.o
                0x0000000008001c40                HAL_RCC_OscConfig
 .text.HAL_RCC_ClockConfig
                0x00000000080025ec      0x270 ./Drivers/STM32L5xx_HAL_Driver/stm32l5xx_hal_rcc.o
                0x00000000080025ec                HAL_RCC_ClockConfig
 .text.HAL_RCC_GetSysClockFreq
                0x000000000800285c      0x138 ./Drivers/STM32L5xx_HAL_Driver/stm32l5xx_hal_rcc.o
                0x000000000800285c                HAL_RCC_GetSysClockFreq
 .text.HAL_RCC_GetHCLKFreq
                0x0000000008002994       0x28 ./Drivers/STM32L5xx_HAL_Driver/stm32l5xx_hal_rcc.o
                0x0000000008002994                HAL_RCC_GetHCLKFreq
 .text.RCC_SetFlashLatencyFromMSIRange
                0x00000000080029bc       0xc8 ./Drivers/STM32L5xx_HAL_Driver/stm32l5xx_hal_rcc.o
 .text.RCC_GetSysClockFreqFromPLLSource
                0x0000000008002a84       0xd8 ./Drivers/STM32L5xx_HAL_Driver/stm32l5xx_hal_rcc.o
 .text.HAL_SRAM_Init
                0x0000000008002b5c       0x90 ./Drivers/STM32L5xx_HAL_Driver/stm32l5xx_hal_sram.o
                0x0000000008002b5c                HAL_SRAM_Init
 .text.HAL_SRAM_DeInit
                0x0000000008002bec       0x3a ./Drivers/STM32L5xx_HAL_Driver/stm32l5xx_hal_sram.o
                0x0000000008002bec                HAL_SRAM_DeInit
 .text.HAL_SRAM_MspInit
                0x0000000008002c26       0x14 ./Drivers/STM32L5xx_HAL_Driver/stm32l5xx_hal_sram.o
                0x0000000008002c26                HAL_SRAM_MspInit
 .text.HAL_SRAM_MspDeInit
                0x0000000008002c3a       0x14 ./Drivers/STM32L5xx_HAL_Driver/stm32l5xx_hal_sram.o
                0x0000000008002c3a                HAL_SRAM_MspDeInit
 .text.HAL_SRAM_GetState
                0x0000000008002c4e       0x1c ./Drivers/STM32L5xx_HAL_Driver/stm32l5xx_hal_sram.o
                0x0000000008002c4e                HAL_SRAM_GetState
 *fill*         0x0000000008002c6a        0x2 
 .text.FMC_NORSRAM_Init
                0x0000000008002c6c      0x19c ./Drivers/STM32L5xx_HAL_Driver/stm32l5xx_ll_fmc.o
                0x0000000008002c6c                FMC_NORSRAM_Init
 .text.FMC_NORSRAM_DeInit
                0x0000000008002e08       0xba ./Drivers/STM32L5xx_HAL_Driver/stm32l5xx_ll_fmc.o
                0x0000000008002e08                FMC_NORSRAM_DeInit
 .text.FMC_NORSRAM_Timing_Init
                0x0000000008002ec2       0xa4 ./Drivers/STM32L5xx_HAL_Driver/stm32l5xx_ll_fmc.o
                0x0000000008002ec2                FMC_NORSRAM_Timing_Init
 .text.FMC_NORSRAM_Extended_Timing_Init
                0x0000000008002f66       0x74 ./Drivers/STM32L5xx_HAL_Driver/stm32l5xx_ll_fmc.o
                0x0000000008002f66                FMC_NORSRAM_Extended_Timing_Init
 *fill*         0x0000000008002fda        0x2 
 .text.FT6X06_RegisterBusIO
                0x0000000008002fdc       0x84 ./Drivers/TicTacToe/Components/ft6x06.o
                0x0000000008002fdc                FT6X06_RegisterBusIO
 .text.FT6X06_GetCapabilities
                0x0000000008003060       0x36 ./Drivers/TicTacToe/Components/ft6x06.o
                0x0000000008003060                FT6X06_GetCapabilities
 .text.FT6X06_Init
                0x0000000008003096       0x48 ./Drivers/TicTacToe/Components/ft6x06.o
                0x0000000008003096                FT6X06_Init
 .text.FT6X06_DeInit
                0x00000000080030de       0x28 ./Drivers/TicTacToe/Components/ft6x06.o
                0x00000000080030de                FT6X06_DeInit
 .text.FT6X06_GestureConfig
                0x0000000008003106       0xc2 ./Drivers/TicTacToe/Components/ft6x06.o
                0x0000000008003106                FT6X06_GestureConfig
 .text.FT6X06_ReadID
                0x00000000080031c8       0x2e ./Drivers/TicTacToe/Components/ft6x06.o
                0x00000000080031c8                FT6X06_ReadID
 .text.FT6X06_GetState
                0x00000000080031f6       0x66 ./Drivers/TicTacToe/Components/ft6x06.o
                0x00000000080031f6                FT6X06_GetState
 .text.FT6X06_GetMultiTouchState
                0x000000000800325c       0xc6 ./Drivers/TicTacToe/Components/ft6x06.o
                0x000000000800325c                FT6X06_GetMultiTouchState
 .text.FT6X06_GetGesture
                0x0000000008003322       0x20 ./Drivers/TicTacToe/Components/ft6x06.o
                0x0000000008003322                FT6X06_GetGesture
 .text.FT6X06_EnableIT
                0x0000000008003342       0x1e ./Drivers/TicTacToe/Components/ft6x06.o
                0x0000000008003342                FT6X06_EnableIT
 .text.FT6X06_DisableIT
                0x0000000008003360       0x1e ./Drivers/TicTacToe/Components/ft6x06.o
                0x0000000008003360                FT6X06_DisableIT
 .text.FT6X06_ITStatus
                0x000000000800337e       0x16 ./Drivers/TicTacToe/Components/ft6x06.o
                0x000000000800337e                FT6X06_ITStatus
 .text.FT6X06_ClearIT
                0x0000000008003394       0x16 ./Drivers/TicTacToe/Components/ft6x06.o
                0x0000000008003394                FT6X06_ClearIT
 .text.FT6X06_DetectTouch
                0x00000000080033aa       0x40 ./Drivers/TicTacToe/Components/ft6x06.o
 .text.ReadRegWrap
                0x00000000080033ea       0x34 ./Drivers/TicTacToe/Components/ft6x06.o
 .text.WriteRegWrap
                0x000000000800341e       0x34 ./Drivers/TicTacToe/Components/ft6x06.o
 .text.ft6x06_read_reg
                0x0000000008003452       0x2e ./Drivers/TicTacToe/Components/ft6x06_reg.o
                0x0000000008003452                ft6x06_read_reg
 .text.ft6x06_write_reg
                0x0000000008003480       0x2e ./Drivers/TicTacToe/Components/ft6x06_reg.o
                0x0000000008003480                ft6x06_write_reg
 .text.ft6x06_gest_id
                0x00000000080034ae       0x20 ./Drivers/TicTacToe/Components/ft6x06_reg.o
                0x00000000080034ae                ft6x06_gest_id
 .text.ft6x06_td_status
                0x00000000080034ce       0x3e ./Drivers/TicTacToe/Components/ft6x06_reg.o
                0x00000000080034ce                ft6x06_td_status
 .text.ft6x06_radian_value
                0x000000000800350c       0x22 ./Drivers/TicTacToe/Components/ft6x06_reg.o
                0x000000000800350c                ft6x06_radian_value
 .text.ft6x06_offset_left_right
                0x000000000800352e       0x22 ./Drivers/TicTacToe/Components/ft6x06_reg.o
                0x000000000800352e                ft6x06_offset_left_right
 .text.ft6x06_offset_up_down
                0x0000000008003550       0x22 ./Drivers/TicTacToe/Components/ft6x06_reg.o
                0x0000000008003550                ft6x06_offset_up_down
 .text.ft6x06_disatnce_left_right
                0x0000000008003572       0x22 ./Drivers/TicTacToe/Components/ft6x06_reg.o
                0x0000000008003572                ft6x06_disatnce_left_right
 .text.ft6x06_distance_up_down
                0x0000000008003594       0x22 ./Drivers/TicTacToe/Components/ft6x06_reg.o
                0x0000000008003594                ft6x06_distance_up_down
 .text.ft6x06_distance_zoom
                0x00000000080035b6       0x22 ./Drivers/TicTacToe/Components/ft6x06_reg.o
                0x00000000080035b6                ft6x06_distance_zoom
 .text.ft6x06_g_mode
                0x00000000080035d8       0x22 ./Drivers/TicTacToe/Components/ft6x06_reg.o
                0x00000000080035d8                ft6x06_g_mode
 .text.ft6x06_chip_id
                0x00000000080035fa       0x38 ./Drivers/TicTacToe/Components/ft6x06_reg.o
                0x00000000080035fa                ft6x06_chip_id
 *fill*         0x0000000008003632        0x2 
 .text.ST7789H2_RegisterBusIO
                0x0000000008003634       0x98 ./Drivers/TicTacToe/Components/st7789h2.o
                0x0000000008003634                ST7789H2_RegisterBusIO
 .text.ST7789H2_Init
                0x00000000080036cc      0x49c ./Drivers/TicTacToe/Components/st7789h2.o
                0x00000000080036cc                ST7789H2_Init
 .text.ST7789H2_DeInit
                0x0000000008003b68       0x6a ./Drivers/TicTacToe/Components/st7789h2.o
                0x0000000008003b68                ST7789H2_DeInit
 .text.ST7789H2_ReadID
                0x0000000008003bd2       0x42 ./Drivers/TicTacToe/Components/st7789h2.o
                0x0000000008003bd2                ST7789H2_ReadID
 .text.ST7789H2_DisplayOn
                0x0000000008003c14       0x5e ./Drivers/TicTacToe/Components/st7789h2.o
                0x0000000008003c14                ST7789H2_DisplayOn
 .text.ST7789H2_DisplayOff
                0x0000000008003c72       0x68 ./Drivers/TicTacToe/Components/st7789h2.o
                0x0000000008003c72                ST7789H2_DisplayOff
 .text.ST7789H2_SetBrightness
                0x0000000008003cda       0x1a ./Drivers/TicTacToe/Components/st7789h2.o
                0x0000000008003cda                ST7789H2_SetBrightness
 .text.ST7789H2_GetBrightness
                0x0000000008003cf4       0x1a ./Drivers/TicTacToe/Components/st7789h2.o
                0x0000000008003cf4                ST7789H2_GetBrightness
 .text.ST7789H2_SetOrientation
                0x0000000008003d0e       0x64 ./Drivers/TicTacToe/Components/st7789h2.o
                0x0000000008003d0e                ST7789H2_SetOrientation
 .text.ST7789H2_GetOrientation
                0x0000000008003d72       0x24 ./Drivers/TicTacToe/Components/st7789h2.o
                0x0000000008003d72                ST7789H2_GetOrientation
 .text.ST7789H2_SetCursor
                0x0000000008003d96      0x112 ./Drivers/TicTacToe/Components/st7789h2.o
                0x0000000008003d96                ST7789H2_SetCursor
 .text.ST7789H2_DrawBitmap
                0x0000000008003ea8      0x3d4 ./Drivers/TicTacToe/Components/st7789h2.o
                0x0000000008003ea8                ST7789H2_DrawBitmap
 .text.ST7789H2_FillRGBRect
                0x000000000800427c      0x13c ./Drivers/TicTacToe/Components/st7789h2.o
                0x000000000800427c                ST7789H2_FillRGBRect
 .text.ST7789H2_DrawHLine
                0x00000000080043b8       0xce ./Drivers/TicTacToe/Components/st7789h2.o
                0x00000000080043b8                ST7789H2_DrawHLine
 .text.ST7789H2_DrawVLine
                0x0000000008004486       0x54 ./Drivers/TicTacToe/Components/st7789h2.o
                0x0000000008004486                ST7789H2_DrawVLine
 .text.ST7789H2_FillRect
                0x00000000080044da       0x52 ./Drivers/TicTacToe/Components/st7789h2.o
                0x00000000080044da                ST7789H2_FillRect
 .text.ST7789H2_SetPixel
                0x000000000800452c       0x52 ./Drivers/TicTacToe/Components/st7789h2.o
                0x000000000800452c                ST7789H2_SetPixel
 .text.ST7789H2_GetPixel
                0x000000000800457e       0x76 ./Drivers/TicTacToe/Components/st7789h2.o
                0x000000000800457e                ST7789H2_GetPixel
 .text.ST7789H2_GetXSize
                0x00000000080045f4       0x1e ./Drivers/TicTacToe/Components/st7789h2.o
                0x00000000080045f4                ST7789H2_GetXSize
 .text.ST7789H2_GetYSize
                0x0000000008004612       0x1e ./Drivers/TicTacToe/Components/st7789h2.o
                0x0000000008004612                ST7789H2_GetYSize
 .text.ST7789H2_ReadRegWrap
                0x0000000008004630       0x2e ./Drivers/TicTacToe/Components/st7789h2.o
 .text.ST7789H2_WriteRegWrap
                0x000000000800465e       0x2e ./Drivers/TicTacToe/Components/st7789h2.o
 .text.ST7789H2_SendDataWrap
                0x000000000800468c       0x24 ./Drivers/TicTacToe/Components/st7789h2.o
 .text.ST7789H2_Delay
                0x00000000080046b0       0x34 ./Drivers/TicTacToe/Components/st7789h2.o
 .text.st7789h2_read_reg
                0x00000000080046e4       0x2a ./Drivers/TicTacToe/Components/st7789h2_reg.o
                0x00000000080046e4                st7789h2_read_reg
 .text.st7789h2_write_reg
                0x000000000800470e       0x2a ./Drivers/TicTacToe/Components/st7789h2_reg.o
                0x000000000800470e                st7789h2_write_reg
 .text.st7789h2_send_data
                0x0000000008004738       0x24 ./Drivers/TicTacToe/Components/st7789h2_reg.o
                0x0000000008004738                st7789h2_send_data
 .text.TicTacToe_LED_Init
                0x000000000800475c       0xbc ./Drivers/TicTacToe/STM32L562E-DK/stm32l562e_discovery.o
                0x000000000800475c                TicTacToe_LED_Init
 .text.TicTacToe_LED_Toggle
                0x0000000008004818       0x38 ./Drivers/TicTacToe/STM32L562E-DK/stm32l562e_discovery.o
                0x0000000008004818                TicTacToe_LED_Toggle
 .text.TicTacToe_PB_Init
                0x0000000008004850      0x134 ./Drivers/TicTacToe/STM32L562E-DK/stm32l562e_discovery.o
                0x0000000008004850                TicTacToe_PB_Init
 .text.TicTacToe_PB_IRQHandler
                0x0000000008004984       0x2c ./Drivers/TicTacToe/STM32L562E-DK/stm32l562e_discovery.o
                0x0000000008004984                TicTacToe_PB_IRQHandler
 .text.BUTTON_USER_EXTI_Callback
                0x00000000080049b0        0xe ./Drivers/TicTacToe/STM32L562E-DK/stm32l562e_discovery.o
 .text.TicTacToe_GetTick
                0x00000000080049be       0x16 ./Drivers/TicTacToe/STM32L562E-DK/stm32l562e_discovery_bus.o
                0x00000000080049be                TicTacToe_GetTick
 .text.TicTacToe_I2C1_Init
                0x00000000080049d4       0x80 ./Drivers/TicTacToe/STM32L562E-DK/stm32l562e_discovery_bus.o
                0x00000000080049d4                TicTacToe_I2C1_Init
 .text.TicTacToe_I2C1_DeInit
                0x0000000008004a54       0x50 ./Drivers/TicTacToe/STM32L562E-DK/stm32l562e_discovery_bus.o
                0x0000000008004a54                TicTacToe_I2C1_DeInit
 .text.MX_I2C1_Init
                0x0000000008004aa4       0x84 ./Drivers/TicTacToe/STM32L562E-DK/stm32l562e_discovery_bus.o
                0x0000000008004aa4                MX_I2C1_Init
 .text.TicTacToe_I2C1_WriteReg
                0x0000000008004b28       0x30 ./Drivers/TicTacToe/STM32L562E-DK/stm32l562e_discovery_bus.o
                0x0000000008004b28                TicTacToe_I2C1_WriteReg
 .text.TicTacToe_I2C1_ReadReg
                0x0000000008004b58       0x30 ./Drivers/TicTacToe/STM32L562E-DK/stm32l562e_discovery_bus.o
                0x0000000008004b58                TicTacToe_I2C1_ReadReg
 .text.I2C1_MspInit
                0x0000000008004b88       0xac ./Drivers/TicTacToe/STM32L562E-DK/stm32l562e_discovery_bus.o
 .text.I2C1_MspDeInit
                0x0000000008004c34       0x40 ./Drivers/TicTacToe/STM32L562E-DK/stm32l562e_discovery_bus.o
 .text.I2C1_WriteReg
                0x0000000008004c74       0xa8 ./Drivers/TicTacToe/STM32L562E-DK/stm32l562e_discovery_bus.o
 .text.I2C1_ReadReg
                0x0000000008004d1c       0xa8 ./Drivers/TicTacToe/STM32L562E-DK/stm32l562e_discovery_bus.o
 .text.I2C_GetTiming
                0x0000000008004dc4      0x100 ./Drivers/TicTacToe/STM32L562E-DK/stm32l562e_discovery_bus.o
 .text.I2C_Compute_PRESC_SCLDEL_SDADEL
                0x0000000008004ec4      0x1dc ./Drivers/TicTacToe/STM32L562E-DK/stm32l562e_discovery_bus.o
 .text.I2C_Compute_SCLL_SCLH
                0x00000000080050a0      0x210 ./Drivers/TicTacToe/STM32L562E-DK/stm32l562e_discovery_bus.o
 .text.TicTacToe_LCD_Init
                0x00000000080052b0       0x42 ./Drivers/TicTacToe/STM32L562E-DK/stm32l562e_discovery_lcd.o
                0x00000000080052b0                TicTacToe_LCD_Init
 *fill*         0x00000000080052f2        0x2 
 .text.TicTacToe_LCD_DisplayOn
                0x00000000080052f4       0x50 ./Drivers/TicTacToe/STM32L562E-DK/stm32l562e_discovery_lcd.o
                0x00000000080052f4                TicTacToe_LCD_DisplayOn
 .text.TicTacToe_LCD_GetXSize
                0x0000000008005344       0x58 ./Drivers/TicTacToe/STM32L562E-DK/stm32l562e_discovery_lcd.o
                0x0000000008005344                TicTacToe_LCD_GetXSize
 .text.TicTacToe_LCD_GetYSize
                0x000000000800539c       0x58 ./Drivers/TicTacToe/STM32L562E-DK/stm32l562e_discovery_lcd.o
                0x000000000800539c                TicTacToe_LCD_GetYSize
 .text.TicTacToe_LCD_SetActiveLayer
                0x00000000080053f4       0x28 ./Drivers/TicTacToe/STM32L562E-DK/stm32l562e_discovery_lcd.o
                0x00000000080053f4                TicTacToe_LCD_SetActiveLayer
 .text.TicTacToe_LCD_DrawBitmap
                0x000000000800541c       0x58 ./Drivers/TicTacToe/STM32L562E-DK/stm32l562e_discovery_lcd.o
                0x000000000800541c                TicTacToe_LCD_DrawBitmap
 .text.TicTacToe_LCD_FillRGBRect
                0x0000000008005474       0x60 ./Drivers/TicTacToe/STM32L562E-DK/stm32l562e_discovery_lcd.o
                0x0000000008005474                TicTacToe_LCD_FillRGBRect
 .text.TicTacToe_LCD_DrawHLine
                0x00000000080054d4       0x5c ./Drivers/TicTacToe/STM32L562E-DK/stm32l562e_discovery_lcd.o
                0x00000000080054d4                TicTacToe_LCD_DrawHLine
 .text.TicTacToe_LCD_DrawVLine
                0x0000000008005530       0x5c ./Drivers/TicTacToe/STM32L562E-DK/stm32l562e_discovery_lcd.o
                0x0000000008005530                TicTacToe_LCD_DrawVLine
 .text.TicTacToe_LCD_FillRect
                0x000000000800558c       0x60 ./Drivers/TicTacToe/STM32L562E-DK/stm32l562e_discovery_lcd.o
                0x000000000800558c                TicTacToe_LCD_FillRect
 .text.TicTacToe_LCD_ReadPixel
                0x00000000080055ec       0x58 ./Drivers/TicTacToe/STM32L562E-DK/stm32l562e_discovery_lcd.o
                0x00000000080055ec                TicTacToe_LCD_ReadPixel
 .text.TicTacToe_LCD_WritePixel
                0x0000000008005644       0x58 ./Drivers/TicTacToe/STM32L562E-DK/stm32l562e_discovery_lcd.o
                0x0000000008005644                TicTacToe_LCD_WritePixel
 .text.TicTacToe_LCD_GetFormat
                0x000000000800569c       0x30 ./Drivers/TicTacToe/STM32L562E-DK/stm32l562e_discovery_lcd.o
                0x000000000800569c                TicTacToe_LCD_GetFormat
 .text.MX_FMC_BANK1_Init
                0x00000000080056cc       0xf0 ./Drivers/TicTacToe/STM32L562E-DK/stm32l562e_discovery_lcd.o
                0x00000000080056cc                MX_FMC_BANK1_Init
 .text.ST7789H2_Probe
                0x00000000080057bc       0xf0 ./Drivers/TicTacToe/STM32L562E-DK/stm32l562e_discovery_lcd.o
 .text.ST7789H2_PowerUp
                0x00000000080058ac       0xf4 ./Drivers/TicTacToe/STM32L562E-DK/stm32l562e_discovery_lcd.o
 .text.LCD_FMC_Init
                0x00000000080059a0       0x58 ./Drivers/TicTacToe/STM32L562E-DK/stm32l562e_discovery_lcd.o
 .text.LCD_FMC_DeInit
                0x00000000080059f8       0x30 ./Drivers/TicTacToe/STM32L562E-DK/stm32l562e_discovery_lcd.o
 .text.LCD_FMC_WriteReg16
                0x0000000008005a28       0x84 ./Drivers/TicTacToe/STM32L562E-DK/stm32l562e_discovery_lcd.o
 .text.LCD_FMC_ReadReg16
                0x0000000008005aac       0x84 ./Drivers/TicTacToe/STM32L562E-DK/stm32l562e_discovery_lcd.o
 .text.LCD_FMC_Send
                0x0000000008005b30       0x68 ./Drivers/TicTacToe/STM32L562E-DK/stm32l562e_discovery_lcd.o
 .text.LCD_FMC_GetTick
                0x0000000008005b98       0x16 ./Drivers/TicTacToe/STM32L562E-DK/stm32l562e_discovery_lcd.o
 *fill*         0x0000000008005bae        0x2 
 .text.FMC_MspInit
                0x0000000008005bb0       0xe8 ./Drivers/TicTacToe/STM32L562E-DK/stm32l562e_discovery_lcd.o
 .text.FMC_MspDeInit
                0x0000000008005c98       0x5c ./Drivers/TicTacToe/STM32L562E-DK/stm32l562e_discovery_lcd.o
 .text.TicTacToe_TS_Init
                0x0000000008005cf4      0x1e0 ./Drivers/TicTacToe/STM32L562E-DK/stm32l562e_discovery_ts.o
                0x0000000008005cf4                TicTacToe_TS_Init
 .text.TicTacToe_TS_EnableIT
                0x0000000008005ed4       0x64 ./Drivers/TicTacToe/STM32L562E-DK/stm32l562e_discovery_ts.o
                0x0000000008005ed4                TicTacToe_TS_EnableIT
 .text.TicTacToe_TS_GetState
                0x0000000008005f38      0x238 ./Drivers/TicTacToe/STM32L562E-DK/stm32l562e_discovery_ts.o
                0x0000000008005f38                TicTacToe_TS_GetState
 .text.TicTacToe_TS_IRQHandler
                0x0000000008006170       0x28 ./Drivers/TicTacToe/STM32L562E-DK/stm32l562e_discovery_ts.o
                0x0000000008006170                TicTacToe_TS_IRQHandler
 .text.FT6X06_Probe
                0x0000000008006198       0xcc ./Drivers/TicTacToe/STM32L562E-DK/stm32l562e_discovery_ts.o
 .text.TS_EXTI_Callback
                0x0000000008006264       0x24 ./Drivers/TicTacToe/STM32L562E-DK/stm32l562e_discovery_ts.o
 .text.Reset_Handler
                0x0000000008006288       0x50 ./Example/Startup/startup_stm32l562qeixq.o
                0x0000000008006288                Reset_Handler
 .text.Default_Handler
                0x00000000080062d8        0x2 ./Example/Startup/startup_stm32l562qeixq.o
                0x00000000080062d8                TIM8_TRG_COM_IRQHandler
                0x00000000080062d8                TIM8_CC_IRQHandler
                0x00000000080062d8                EXTI5_IRQHandler
                0x00000000080062d8                FLASH_S_IRQHandler
                0x00000000080062d8                TIM1_CC_IRQHandler
                0x00000000080062d8                TSC_IRQHandler
                0x00000000080062d8                TAMP_IRQHandler
                0x00000000080062d8                TIM6_IRQHandler
                0x00000000080062d8                EXTI12_IRQHandler
                0x00000000080062d8                DMA2_Channel8_IRQHandler
                0x00000000080062d8                EXTI3_IRQHandler
                0x00000000080062d8                EXTI8_IRQHandler
                0x00000000080062d8                LPTIM2_IRQHandler
                0x00000000080062d8                DFSDM1_FLT1_IRQHandler
                0x00000000080062d8                USB_FS_IRQHandler
                0x00000000080062d8                I2C3_ER_IRQHandler
                0x00000000080062d8                DFSDM1_FLT2_IRQHandler
                0x00000000080062d8                DMAMUX1_IRQHandler
                0x00000000080062d8                LPTIM3_IRQHandler
                0x00000000080062d8                EXTI0_IRQHandler
                0x00000000080062d8                I2C2_EV_IRQHandler
                0x00000000080062d8                FPU_IRQHandler
                0x00000000080062d8                FDCAN1_IT1_IRQHandler
                0x00000000080062d8                ADC1_2_IRQHandler
                0x00000000080062d8                SPI1_IRQHandler
                0x00000000080062d8                OCTOSPI1_IRQHandler
                0x00000000080062d8                TIM8_UP_IRQHandler
                0x00000000080062d8                RCC_S_IRQHandler
                0x00000000080062d8                DMA2_Channel2_IRQHandler
                0x00000000080062d8                SAI2_IRQHandler
                0x00000000080062d8                DFSDM1_FLT3_IRQHandler
                0x00000000080062d8                PKA_IRQHandler
                0x00000000080062d8                EXTI15_IRQHandler
                0x00000000080062d8                TIM17_IRQHandler
                0x00000000080062d8                USART3_IRQHandler
                0x00000000080062d8                RTC_IRQHandler
                0x00000000080062d8                EXTI9_IRQHandler
                0x00000000080062d8                DMA1_Channel7_IRQHandler
                0x00000000080062d8                UART5_IRQHandler
                0x00000000080062d8                TIM4_IRQHandler
                0x00000000080062d8                I2C1_EV_IRQHandler
                0x00000000080062d8                DMA1_Channel6_IRQHandler
                0x00000000080062d8                TIM16_IRQHandler
                0x00000000080062d8                UART4_IRQHandler
                0x00000000080062d8                DMA2_Channel4_IRQHandler
                0x00000000080062d8                SecureFault_Handler
                0x00000000080062d8                TIM3_IRQHandler
                0x00000000080062d8                RCC_IRQHandler
                0x00000000080062d8                TIM1_TRG_COM_IRQHandler
                0x00000000080062d8                DMA1_Channel1_IRQHandler
                0x00000000080062d8                Default_Handler
                0x00000000080062d8                DMA2_Channel7_IRQHandler
                0x00000000080062d8                OTFDEC1_IRQHandler
                0x00000000080062d8                DMA1_Channel8_IRQHandler
                0x00000000080062d8                TIM7_IRQHandler
                0x00000000080062d8                TIM5_IRQHandler
                0x00000000080062d8                UCPD1_IRQHandler
                0x00000000080062d8                TIM15_IRQHandler
                0x00000000080062d8                I2C3_EV_IRQHandler
                0x00000000080062d8                PVD_PVM_IRQHandler
                0x00000000080062d8                SPI2_IRQHandler
                0x00000000080062d8                EXTI14_IRQHandler
                0x00000000080062d8                EXTI11_IRQHandler
                0x00000000080062d8                DMA2_Channel5_IRQHandler
                0x00000000080062d8                CRS_IRQHandler
                0x00000000080062d8                DMA1_Channel5_IRQHandler
                0x00000000080062d8                EXTI4_IRQHandler
                0x00000000080062d8                RTC_S_IRQHandler
                0x00000000080062d8                RNG_IRQHandler
                0x00000000080062d8                DMAMUX1_S_IRQHandler
                0x00000000080062d8                DMA1_Channel3_IRQHandler
                0x00000000080062d8                COMP_IRQHandler
                0x00000000080062d8                TIM1_UP_IRQHandler
                0x00000000080062d8                WWDG_IRQHandler
                0x00000000080062d8                I2C4_EV_IRQHandler
                0x00000000080062d8                LPUART1_IRQHandler
                0x00000000080062d8                DMA2_Channel6_IRQHandler
                0x00000000080062d8                FDCAN1_IT0_IRQHandler
                0x00000000080062d8                TIM2_IRQHandler
                0x00000000080062d8                TAMP_S_IRQHandler
                0x00000000080062d8                EXTI7_IRQHandler
                0x00000000080062d8                TIM1_BRK_IRQHandler
                0x00000000080062d8                DAC_IRQHandler
                0x00000000080062d8                AES_IRQHandler
                0x00000000080062d8                GTZC_IRQHandler
                0x00000000080062d8                USART2_IRQHandler
                0x00000000080062d8                DFSDM1_FLT0_IRQHandler
                0x00000000080062d8                I2C2_ER_IRQHandler
                0x00000000080062d8                DMA1_Channel2_IRQHandler
                0x00000000080062d8                TIM8_BRK_IRQHandler
                0x00000000080062d8                FLASH_IRQHandler
                0x00000000080062d8                USART1_IRQHandler
                0x00000000080062d8                EXTI10_IRQHandler
                0x00000000080062d8                SPI3_IRQHandler
                0x00000000080062d8                I2C1_ER_IRQHandler
                0x00000000080062d8                FMC_IRQHandler
                0x00000000080062d8                EXTI6_IRQHandler
                0x00000000080062d8                LPTIM1_IRQHandler
                0x00000000080062d8                I2C4_ER_IRQHandler
                0x00000000080062d8                ICACHE_IRQHandler
                0x00000000080062d8                SAI1_IRQHandler
                0x00000000080062d8                HASH_IRQHandler
                0x00000000080062d8                DMA2_Channel3_IRQHandler
 *fill*         0x00000000080062da        0x2 
 .text.main     0x00000000080062dc      0x2cc ./Example/User/main.o
                0x00000000080062dc                main
 .text.Clear_Display_Welcome
                0x00000000080065a8       0x54 ./Example/User/main.o
 .text.Clear_Display_Board
                0x00000000080065fc       0xe8 ./Example/User/main.o
 .text.Display_Text
                0x00000000080066e4       0x38 ./Example/User/main.o
 .text.Display_Other_Text
                0x000000000800671c       0x38 ./Example/User/main.o
 .text.Initialize_Board
                0x0000000008006754       0x32 ./Example/User/main.o
                0x0000000008006754                Initialize_Board
 .text.Check_Move_Validity
                0x0000000008006786       0xce ./Example/User/main.o
 .text.Check_Win
                0x0000000008006854       0xfa ./Example/User/main.o
 .text.Check_Full
                0x000000000800694e       0x38 ./Example/User/main.o
 *fill*         0x0000000008006986        0x2 
 .text.SystemClock_Config
                0x0000000008006988       0xcc ./Example/User/main.o
 .text.SystemHardwareInit
                0x0000000008006a54      0x148 ./Example/User/main.o
 .text.Error_Handler
                0x0000000008006b9c       0x14 ./Example/User/main.o
                0x0000000008006b9c                Error_Handler
 .text.TicTacToe_PB_Callback
                0x0000000008006bb0       0x28 ./Example/User/main.o
                0x0000000008006bb0                TicTacToe_PB_Callback
 .text.TicTacToe_TS_Callback
                0x0000000008006bd8       0x24 ./Example/User/main.o
                0x0000000008006bd8                TicTacToe_TS_Callback
 .text.NMI_Handler
                0x0000000008006bfc        0xe ./Example/User/stm32l5xx_it.o
                0x0000000008006bfc                NMI_Handler
 .text.HardFault_Handler
                0x0000000008006c0a        0x6 ./Example/User/stm32l5xx_it.o
                0x0000000008006c0a                HardFault_Handler
 .text.MemManage_Handler
                0x0000000008006c10        0x6 ./Example/User/stm32l5xx_it.o
                0x0000000008006c10                MemManage_Handler
 .text.BusFault_Handler
                0x0000000008006c16        0x6 ./Example/User/stm32l5xx_it.o
                0x0000000008006c16                BusFault_Handler
 .text.UsageFault_Handler
                0x0000000008006c1c        0x6 ./Example/User/stm32l5xx_it.o
                0x0000000008006c1c                UsageFault_Handler
 .text.SVC_Handler
                0x0000000008006c22        0xe ./Example/User/stm32l5xx_it.o
                0x0000000008006c22                SVC_Handler
 .text.DebugMon_Handler
                0x0000000008006c30        0x6 ./Example/User/stm32l5xx_it.o
                0x0000000008006c30                DebugMon_Handler
 .text.PendSV_Handler
                0x0000000008006c36        0x6 ./Example/User/stm32l5xx_it.o
                0x0000000008006c36                PendSV_Handler
 .text.SysTick_Handler
                0x0000000008006c3c        0xc ./Example/User/stm32l5xx_it.o
                0x0000000008006c3c                SysTick_Handler
 .text.EXTI1_IRQHandler
                0x0000000008006c48        0xe ./Example/User/stm32l5xx_it.o
                0x0000000008006c48                EXTI1_IRQHandler
 .text.EXTI2_IRQHandler
                0x0000000008006c56        0xe ./Example/User/stm32l5xx_it.o
                0x0000000008006c56                EXTI2_IRQHandler
 .text.EXTI13_IRQHandler
                0x0000000008006c64        0xe ./Example/User/stm32l5xx_it.o
                0x0000000008006c64                EXTI13_IRQHandler
 .text.DMA1_Channel4_IRQHandler
                0x0000000008006c72        0xe ./Example/User/stm32l5xx_it.o
                0x0000000008006c72                DMA1_Channel4_IRQHandler
 .text.DMA2_Channel1_IRQHandler
                0x0000000008006c80        0xe ./Example/User/stm32l5xx_it.o
                0x0000000008006c80                DMA2_Channel1_IRQHandler
 .text.SDMMC1_IRQHandler
                0x0000000008006c8e        0xe ./Example/User/stm32l5xx_it.o
                0x0000000008006c8e                SDMMC1_IRQHandler
 .text.UTIL_LCD_SetFuncDriver
                0x0000000008006c9c       0xac ./Utilities/stm32_lcd.o
                0x0000000008006c9c                UTIL_LCD_SetFuncDriver
 .text.UTIL_LCD_SetTextColor
                0x0000000008006d48       0x28 ./Utilities/stm32_lcd.o
                0x0000000008006d48                UTIL_LCD_SetTextColor
 .text.UTIL_LCD_SetBackColor
                0x0000000008006d70       0x28 ./Utilities/stm32_lcd.o
                0x0000000008006d70                UTIL_LCD_SetBackColor
 .text.UTIL_LCD_SetFont
                0x0000000008006d98       0x28 ./Utilities/stm32_lcd.o
                0x0000000008006d98                UTIL_LCD_SetFont
 .text.UTIL_LCD_FillRGBRect
                0x0000000008006dc0       0x38 ./Utilities/stm32_lcd.o
                0x0000000008006dc0                UTIL_LCD_FillRGBRect
 .text.UTIL_LCD_DrawHLine
                0x0000000008006df8       0x6c ./Utilities/stm32_lcd.o
                0x0000000008006df8                UTIL_LCD_DrawHLine
 .text.UTIL_LCD_SetPixel
                0x0000000008006e64       0x68 ./Utilities/stm32_lcd.o
                0x0000000008006e64                UTIL_LCD_SetPixel
 .text.UTIL_LCD_Clear
                0x0000000008006ecc       0x2c ./Utilities/stm32_lcd.o
                0x0000000008006ecc                UTIL_LCD_Clear
 .text.UTIL_LCD_DisplayChar
                0x0000000008006ef8       0x6c ./Utilities/stm32_lcd.o
                0x0000000008006ef8                UTIL_LCD_DisplayChar
 .text.UTIL_LCD_DisplayStringAt
                0x0000000008006f64      0x15c ./Utilities/stm32_lcd.o
                0x0000000008006f64                UTIL_LCD_DisplayStringAt
 .text.UTIL_LCD_DrawCircle
                0x00000000080070c0      0x214 ./Utilities/stm32_lcd.o
                0x00000000080070c0                UTIL_LCD_DrawCircle
 .text.UTIL_LCD_FillRect
                0x00000000080072d4       0x74 ./Utilities/stm32_lcd.o
                0x00000000080072d4                UTIL_LCD_FillRect
 .text.UTIL_LCD_FillCircle
                0x0000000008007348      0x158 ./Utilities/stm32_lcd.o
                0x0000000008007348                UTIL_LCD_FillCircle
 .text.DrawChar
                0x00000000080074a0      0x2b4 ./Utilities/stm32_lcd.o
 .text.memset   0x0000000008007754       0x10 /opt/liu/stm32cubeide/1.14.0/2/plugins/com.st.stm32cube.ide.mcu.externaltools.gnu-tools-for-stm32.11.3.rel1.linux64_1.1.100.202309141235/tools/bin/../lib/gcc/arm-none-eabi/11.3.1/../../../../arm-none-eabi/lib/thumb/v8-m.main+fp/hard/libc_nano.a(libc_a-memset.o)
                0x0000000008007754                memset
 .text.__libc_init_array
                0x0000000008007764       0x48 /opt/liu/stm32cubeide/1.14.0/2/plugins/com.st.stm32cube.ide.mcu.externaltools.gnu-tools-for-stm32.11.3.rel1.linux64_1.1.100.202309141235/tools/bin/../lib/gcc/arm-none-eabi/11.3.1/../../../../arm-none-eabi/lib/thumb/v8-m.main+fp/hard/libc_nano.a(libc_a-init.o)
                0x0000000008007764                __libc_init_array
 *(.glue_7)
 .glue_7        0x00000000080077ac        0x0 linker stubs
 *(.glue_7t)
 .glue_7t       0x00000000080077ac        0x0 linker stubs
 *(.eh_frame)
 .eh_frame      0x00000000080077ac        0x0 /opt/liu/stm32cubeide/1.14.0/2/plugins/com.st.stm32cube.ide.mcu.externaltools.gnu-tools-for-stm32.11.3.rel1.linux64_1.1.100.202309141235/tools/bin/../lib/gcc/arm-none-eabi/11.3.1/thumb/v8-m.main+fp/hard/crtbegin.o
 *(.init)
 .init          0x00000000080077ac        0x4 /opt/liu/stm32cubeide/1.14.0/2/plugins/com.st.stm32cube.ide.mcu.externaltools.gnu-tools-for-stm32.11.3.rel1.linux64_1.1.100.202309141235/tools/bin/../lib/gcc/arm-none-eabi/11.3.1/thumb/v8-m.main+fp/hard/crti.o
                0x00000000080077ac                _init
 .init          0x00000000080077b0        0x8 /opt/liu/stm32cubeide/1.14.0/2/plugins/com.st.stm32cube.ide.mcu.externaltools.gnu-tools-for-stm32.11.3.rel1.linux64_1.1.100.202309141235/tools/bin/../lib/gcc/arm-none-eabi/11.3.1/thumb/v8-m.main+fp/hard/crtn.o
 *(.fini)
 .fini          0x00000000080077b8        0x4 /opt/liu/stm32cubeide/1.14.0/2/plugins/com.st.stm32cube.ide.mcu.externaltools.gnu-tools-for-stm32.11.3.rel1.linux64_1.1.100.202309141235/tools/bin/../lib/gcc/arm-none-eabi/11.3.1/thumb/v8-m.main+fp/hard/crti.o
                0x00000000080077b8                _fini
 .fini          0x00000000080077bc        0x8 /opt/liu/stm32cubeide/1.14.0/2/plugins/com.st.stm32cube.ide.mcu.externaltools.gnu-tools-for-stm32.11.3.rel1.linux64_1.1.100.202309141235/tools/bin/../lib/gcc/arm-none-eabi/11.3.1/thumb/v8-m.main+fp/hard/crtn.o
                0x00000000080077c8                . = ALIGN (0x8)
 *fill*         0x00000000080077c4        0x4 
                0x00000000080077c8                _etext = .

.vfp11_veneer   0x00000000080077c8        0x0
 .vfp11_veneer  0x00000000080077c8        0x0 linker stubs

.v4_bx          0x00000000080077c8        0x0
 .v4_bx         0x00000000080077c8        0x0 linker stubs

.iplt           0x00000000080077c8        0x0
 .iplt          0x00000000080077c8        0x0 /opt/liu/stm32cubeide/1.14.0/2/plugins/com.st.stm32cube.ide.mcu.externaltools.gnu-tools-for-stm32.11.3.rel1.linux64_1.1.100.202309141235/tools/bin/../lib/gcc/arm-none-eabi/11.3.1/thumb/v8-m.main+fp/hard/crtbegin.o

.rodata         0x00000000080077c8     0x2c58
                0x00000000080077c8                . = ALIGN (0x8)
 *(.rodata)
 .rodata        0x00000000080077c8       0x72 ./Example/User/main.o
 *(.rodata*)
 *fill*         0x000000000800783a        0x2 
 .rodata.AHBPrescTable
                0x000000000800783c       0x10 ./Drivers/CMSIS/system_stm32l5xx.o
                0x000000000800783c                AHBPrescTable
 .rodata.MSIRangeTable
                0x000000000800784c       0x40 ./Drivers/CMSIS/system_stm32l5xx.o
                0x000000000800784c                MSIRangeTable
 .rodata.I2C_Charac
                0x000000000800788c       0x84 ./Drivers/TicTacToe/STM32L562E-DK/stm32l562e_discovery_bus.o
 .rodata.Font24_Table
                0x0000000008007910     0x1ab8 ./Utilities/stm32_lcd.o
                0x0000000008007910                Font24_Table
 .rodata.Font16_Table
                0x00000000080093c8      0xbe0 ./Utilities/stm32_lcd.o
                0x00000000080093c8                Font16_Table
 .rodata.Font12_Table
                0x0000000008009fa8      0x474 ./Utilities/stm32_lcd.o
                0x0000000008009fa8                Font12_Table
                0x000000000800a420                . = ALIGN (0x8)
 *fill*         0x000000000800a41c        0x4 

.rel.dyn        0x000000000800a420        0x0
 .rel.iplt      0x000000000800a420        0x0 /opt/liu/stm32cubeide/1.14.0/2/plugins/com.st.stm32cube.ide.mcu.externaltools.gnu-tools-for-stm32.11.3.rel1.linux64_1.1.100.202309141235/tools/bin/../lib/gcc/arm-none-eabi/11.3.1/thumb/v8-m.main+fp/hard/crtbegin.o

.ARM.extab      0x000000000800a420        0x0
                0x000000000800a420                . = ALIGN (0x8)
 *(.ARM.extab* .gnu.linkonce.armextab.*)
                0x000000000800a420                . = ALIGN (0x8)

.ARM            0x000000000800a420        0x0
                0x000000000800a420                . = ALIGN (0x8)
                0x000000000800a420                __exidx_start = .
 *(.ARM.exidx*)
                0x000000000800a420                __exidx_end = .
                0x000000000800a420                . = ALIGN (0x8)

.preinit_array  0x000000000800a420        0x0
                0x000000000800a420                . = ALIGN (0x8)
                0x000000000800a420                PROVIDE (__preinit_array_start = .)
 *(.preinit_array*)
                0x000000000800a420                PROVIDE (__preinit_array_end = .)
                0x000000000800a420                . = ALIGN (0x8)

.init_array     0x000000000800a420        0x8
                0x000000000800a420                . = ALIGN (0x8)
                0x000000000800a420                PROVIDE (__init_array_start = .)
 *(SORT_BY_NAME(.init_array.*))
 *(.init_array*)
 .init_array    0x000000000800a420        0x4 /opt/liu/stm32cubeide/1.14.0/2/plugins/com.st.stm32cube.ide.mcu.externaltools.gnu-tools-for-stm32.11.3.rel1.linux64_1.1.100.202309141235/tools/bin/../lib/gcc/arm-none-eabi/11.3.1/thumb/v8-m.main+fp/hard/crtbegin.o
                0x000000000800a424                PROVIDE (__init_array_end = .)
                0x000000000800a428                . = ALIGN (0x8)
 *fill*         0x000000000800a424        0x4 

.fini_array     0x000000000800a428        0x8
                0x000000000800a428                . = ALIGN (0x8)
                [!provide]                        PROVIDE (__fini_array_start = .)
 *(SORT_BY_NAME(.fini_array.*))
 *(.fini_array*)
 .fini_array    0x000000000800a428        0x4 /opt/liu/stm32cubeide/1.14.0/2/plugins/com.st.stm32cube.ide.mcu.externaltools.gnu-tools-for-stm32.11.3.rel1.linux64_1.1.100.202309141235/tools/bin/../lib/gcc/arm-none-eabi/11.3.1/thumb/v8-m.main+fp/hard/crtbegin.o
                [!provide]                        PROVIDE (__fini_array_end = .)
                0x000000000800a430                . = ALIGN (0x8)
 *fill*         0x000000000800a42c        0x4 
                0x000000000800a430                _sidata = LOADADDR (.data)

.data           0x0000000020000000       0xe0 load address 0x000000000800a430
                0x0000000020000000                . = ALIGN (0x8)
                0x0000000020000000                _sdata = .
 *(.data)
 *(.data*)
 .data.SystemCoreClock
                0x0000000020000000        0x4 ./Drivers/CMSIS/system_stm32l5xx.o
                0x0000000020000000                SystemCoreClock
 .data.uwTickPrio
                0x0000000020000004        0x4 ./Drivers/STM32L5xx_HAL_Driver/stm32l5xx_hal.o
                0x0000000020000004                uwTickPrio
 .data.uwTickFreq
                0x0000000020000008        0x1 ./Drivers/STM32L5xx_HAL_Driver/stm32l5xx_hal.o
                0x0000000020000008                uwTickFreq
 *fill*         0x0000000020000009        0x3 
 .data.FT6X06_TS_Driver
                0x000000002000000c       0x30 ./Drivers/TicTacToe/Components/ft6x06.o
                0x000000002000000c                FT6X06_TS_Driver
 .data.ST7789H2_Driver
                0x000000002000003c       0x4c ./Drivers/TicTacToe/Components/st7789h2.o
                0x000000002000003c                ST7789H2_Driver
 .data.LED_PIN  0x0000000020000088        0x4 ./Drivers/TicTacToe/STM32L562E-DK/stm32l562e_discovery.o
 .data.LED_PORT
                0x000000002000008c        0x8 ./Drivers/TicTacToe/STM32L562E-DK/stm32l562e_discovery.o
 .data.BUTTON_PIN
                0x0000000020000094        0x2 ./Drivers/TicTacToe/STM32L562E-DK/stm32l562e_discovery.o
 *fill*         0x0000000020000096        0x2 
 .data.BUTTON_PORT
                0x0000000020000098        0x4 ./Drivers/TicTacToe/STM32L562E-DK/stm32l562e_discovery.o
 .data.BUTTON_IRQn
                0x000000002000009c        0x1 ./Drivers/TicTacToe/STM32L562E-DK/stm32l562e_discovery.o
 .data.TsPollingMode
                0x000000002000009d        0x1 ./Drivers/TicTacToe/STM32L562E-DK/stm32l562e_discovery_ts.o
 *fill*         0x000000002000009e        0x2 
 .data.Ts_IRQn  0x00000000200000a0        0x1 ./Drivers/TicTacToe/STM32L562E-DK/stm32l562e_discovery_ts.o
                0x00000000200000a0                Ts_IRQn
 *fill*         0x00000000200000a1        0x3 
 .data.liuids   0x00000000200000a4       0x1e ./Example/User/main.o
                0x00000000200000a4                liuids
 .data.PreviousState
                0x00000000200000c2        0x1 ./Example/User/main.o
                0x00000000200000c2                PreviousState
 *fill*         0x00000000200000c3        0x1 
 .data.Font24   0x00000000200000c4        0x8 ./Utilities/stm32_lcd.o
                0x00000000200000c4                Font24
 .data.Font16   0x00000000200000cc        0x8 ./Utilities/stm32_lcd.o
                0x00000000200000cc                Font16
 .data.Font12   0x00000000200000d4        0x8 ./Utilities/stm32_lcd.o
                0x00000000200000d4                Font12
                0x00000000200000e0                . = ALIGN (0x8)
 *fill*         0x00000000200000dc        0x4 
                0x00000000200000e0                _edata = .

.igot.plt       0x00000000200000e0        0x0 load address 0x000000000800a510
 .igot.plt      0x00000000200000e0        0x0 /opt/liu/stm32cubeide/1.14.0/2/plugins/com.st.stm32cube.ide.mcu.externaltools.gnu-tools-for-stm32.11.3.rel1.linux64_1.1.100.202309141235/tools/bin/../lib/gcc/arm-none-eabi/11.3.1/thumb/v8-m.main+fp/hard/crtbegin.o
                0x00000000200000e0                . = ALIGN (0x8)

.bss            0x00000000200000e0      0xc48 load address 0x000000000800a510
                0x00000000200000e0                _sbss = .
                0x00000000200000e0                __bss_start__ = _sbss
 *(.bss)
 .bss           0x00000000200000e0       0x1c /opt/liu/stm32cubeide/1.14.0/2/plugins/com.st.stm32cube.ide.mcu.externaltools.gnu-tools-for-stm32.11.3.rel1.linux64_1.1.100.202309141235/tools/bin/../lib/gcc/arm-none-eabi/11.3.1/thumb/v8-m.main+fp/hard/crtbegin.o
 *(.bss*)
 .bss.uwTick    0x00000000200000fc        0x4 ./Drivers/STM32L5xx_HAL_Driver/stm32l5xx_hal.o
                0x00000000200000fc                uwTick
 .bss.hpb_exti  0x0000000020000100        0xc ./Drivers/TicTacToe/STM32L562E-DK/stm32l562e_discovery.o
 .bss.I2c1InitCounter
                0x000000002000010c        0x4 ./Drivers/TicTacToe/STM32L562E-DK/stm32l562e_discovery_bus.o
 .bss.I2c_valid_timing
                0x0000000020000110      0xa00 ./Drivers/TicTacToe/STM32L562E-DK/stm32l562e_discovery_bus.o
 .bss.I2c_valid_timing_nbr
                0x0000000020000b10        0x4 ./Drivers/TicTacToe/STM32L562E-DK/stm32l562e_discovery_bus.o
 .bss.hbus_i2c1
                0x0000000020000b14       0x54 ./Drivers/TicTacToe/STM32L562E-DK/stm32l562e_discovery_bus.o
                0x0000000020000b14                hbus_i2c1
 .bss.hlcd_sram
                0x0000000020000b68       0x58 ./Drivers/TicTacToe/STM32L562E-DK/stm32l562e_discovery_lcd.o
                0x0000000020000b68                hlcd_sram
 .bss.Lcd_CompObj
                0x0000000020000bc0        0x4 ./Drivers/TicTacToe/STM32L562E-DK/stm32l562e_discovery_lcd.o
                0x0000000020000bc0                Lcd_CompObj
 .bss.Lcd_Drv   0x0000000020000bc4        0x4 ./Drivers/TicTacToe/STM32L562E-DK/stm32l562e_discovery_lcd.o
                0x0000000020000bc4                Lcd_Drv
 .bss.SramTiming.2
                0x0000000020000bc8       0x20 ./Drivers/TicTacToe/STM32L562E-DK/stm32l562e_discovery_lcd.o
 .bss.ExtendedTiming.1
                0x0000000020000be8       0x20 ./Drivers/TicTacToe/STM32L562E-DK/stm32l562e_discovery_lcd.o
 .bss.ST7789H2Obj.0
                0x0000000020000c08       0x34 ./Drivers/TicTacToe/STM32L562E-DK/stm32l562e_discovery_lcd.o
 .bss.Ts_CompObj
                0x0000000020000c3c        0x4 ./Drivers/TicTacToe/STM32L562E-DK/stm32l562e_discovery_ts.o
                0x0000000020000c3c                Ts_CompObj
 .bss.Ts_Drv    0x0000000020000c40        0x4 ./Drivers/TicTacToe/STM32L562E-DK/stm32l562e_discovery_ts.o
                0x0000000020000c40                Ts_Drv
 .bss.Ts_Ctx    0x0000000020000c44       0x20 ./Drivers/TicTacToe/STM32L562E-DK/stm32l562e_discovery_ts.o
                0x0000000020000c44                Ts_Ctx
 .bss.hts_exti  0x0000000020000c64        0xc ./Drivers/TicTacToe/STM32L562E-DK/stm32l562e_discovery_ts.o
                0x0000000020000c64                hts_exti
 .bss.FT6X06Obj.0
                0x0000000020000c70       0x28 ./Drivers/TicTacToe/STM32L562E-DK/stm32l562e_discovery_ts.o
 .bss.UserButtonPressed
                0x0000000020000c98        0x1 ./Example/User/main.o
                0x0000000020000c98                UserButtonPressed
 .bss.TouchDetected
                0x0000000020000c99        0x1 ./Example/User/main.o
                0x0000000020000c99                TouchDetected
 .bss.x         0x0000000020000c9a        0x2 ./Example/User/main.o
                0x0000000020000c9a                x
 .bss.y         0x0000000020000c9c        0x2 ./Example/User/main.o
                0x0000000020000c9c                y
 .bss.ix        0x0000000020000c9e        0x1 ./Example/User/main.o
                0x0000000020000c9e                ix
 .bss.iy        0x0000000020000c9f        0x1 ./Example/User/main.o
                0x0000000020000c9f                iy
 .bss.Touch     0x0000000020000ca0        0x1 ./Example/User/main.o
                0x0000000020000ca0                Touch
 .bss.Valid     0x0000000020000ca1        0x1 ./Example/User/main.o
                0x0000000020000ca1                Valid
 .bss.Win       0x0000000020000ca2        0x1 ./Example/User/main.o
                0x0000000020000ca2                Win
 .bss.Full      0x0000000020000ca3        0x1 ./Example/User/main.o
                0x0000000020000ca3                Full
 .bss.Button    0x0000000020000ca4        0x1 ./Example/User/main.o
                0x0000000020000ca4                Button
 .bss.State     0x0000000020000ca5        0x1 ./Example/User/main.o
                0x0000000020000ca5                State
 *fill*         0x0000000020000ca6        0x2 
 .bss.BoardState
                0x0000000020000ca8        0x9 ./Example/User/main.o
                0x0000000020000ca8                BoardState
 .bss.ButtonInitialized
                0x0000000020000cb1        0x1 ./Example/User/main.o
                0x0000000020000cb1                ButtonInitialized
 .bss.LcdInitialized
                0x0000000020000cb2        0x1 ./Example/User/main.o
                0x0000000020000cb2                LcdInitialized
 .bss.LedInitialized
                0x0000000020000cb3        0x1 ./Example/User/main.o
                0x0000000020000cb3                LedInitialized
 .bss.TsInitialized
                0x0000000020000cb4        0x1 ./Example/User/main.o
                0x0000000020000cb4                TsInitialized
 *fill*         0x0000000020000cb5        0x3 
 .bss.DrawProp  0x0000000020000cb8       0x40 ./Utilities/stm32_lcd.o
 .bss.FuncDriver
                0x0000000020000cf8       0x2c ./Utilities/stm32_lcd.o
 *(COMMON)
                0x0000000020000d28                . = ALIGN (0x8)
 *fill*         0x0000000020000d24        0x4 
                0x0000000020000d28                _ebss = .
                0x0000000020000d28                __bss_end__ = _ebss

._user_heap_stack
                0x0000000020000d28      0xc00 load address 0x000000000800a510
                0x0000000020000d28                . = ALIGN (0x8)
                [!provide]                        PROVIDE (end = .)
                0x0000000020000d28                PROVIDE (_end = .)
                0x0000000020001128                . = (. + _Min_Heap_Size)
 *fill*         0x0000000020000d28      0x400 
                0x0000000020001928                . = (. + _Min_Stack_Size)
 *fill*         0x0000000020001128      0x800 
                0x0000000020001928                . = ALIGN (0x8)

/DISCARD/
 libc.a(*)
 libm.a(*)
 libgcc.a(*)

.ARM.attributes
                0x0000000000000000       0x36
 *(.ARM.attributes)
 .ARM.attributes
                0x0000000000000000       0x22 /opt/liu/stm32cubeide/1.14.0/2/plugins/com.st.stm32cube.ide.mcu.externaltools.gnu-tools-for-stm32.11.3.rel1.linux64_1.1.100.202309141235/tools/bin/../lib/gcc/arm-none-eabi/11.3.1/thumb/v8-m.main+fp/hard/crti.o
 .ARM.attributes
                0x0000000000000022       0x38 /opt/liu/stm32cubeide/1.14.0/2/plugins/com.st.stm32cube.ide.mcu.externaltools.gnu-tools-for-stm32.11.3.rel1.linux64_1.1.100.202309141235/tools/bin/../lib/gcc/arm-none-eabi/11.3.1/thumb/v8-m.main+fp/hard/crtbegin.o
 .ARM.attributes
                0x000000000000005a       0x3a ./Drivers/CMSIS/system_stm32l5xx.o
 .ARM.attributes
                0x0000000000000094       0x3a ./Drivers/STM32L5xx_HAL_Driver/stm32l5xx_hal.o
 .ARM.attributes
                0x00000000000000ce       0x3a ./Drivers/STM32L5xx_HAL_Driver/stm32l5xx_hal_cortex.o
 .ARM.attributes
                0x0000000000000108       0x3a ./Drivers/STM32L5xx_HAL_Driver/stm32l5xx_hal_exti.o
 .ARM.attributes
                0x0000000000000142       0x3a ./Drivers/STM32L5xx_HAL_Driver/stm32l5xx_hal_gpio.o
 .ARM.attributes
                0x000000000000017c       0x3a ./Drivers/STM32L5xx_HAL_Driver/stm32l5xx_hal_i2c.o
 .ARM.attributes
                0x00000000000001b6       0x3a ./Drivers/STM32L5xx_HAL_Driver/stm32l5xx_hal_i2c_ex.o
 .ARM.attributes
                0x00000000000001f0       0x3a ./Drivers/STM32L5xx_HAL_Driver/stm32l5xx_hal_pwr_ex.o
 .ARM.attributes
                0x000000000000022a       0x3a ./Drivers/STM32L5xx_HAL_Driver/stm32l5xx_hal_rcc.o
 .ARM.attributes
                0x0000000000000264       0x3a ./Drivers/STM32L5xx_HAL_Driver/stm32l5xx_hal_sram.o
 .ARM.attributes
                0x000000000000029e       0x3a ./Drivers/STM32L5xx_HAL_Driver/stm32l5xx_ll_fmc.o
 .ARM.attributes
                0x00000000000002d8       0x3a ./Drivers/TicTacToe/Components/ft6x06.o
 .ARM.attributes
                0x0000000000000312       0x3a ./Drivers/TicTacToe/Components/ft6x06_reg.o
 .ARM.attributes
                0x000000000000034c       0x3a ./Drivers/TicTacToe/Components/st7789h2.o
 .ARM.attributes
                0x0000000000000386       0x3a ./Drivers/TicTacToe/Components/st7789h2_reg.o
 .ARM.attributes
                0x00000000000003c0       0x3a ./Drivers/TicTacToe/STM32L562E-DK/stm32l562e_discovery.o
 .ARM.attributes
                0x00000000000003fa       0x3a ./Drivers/TicTacToe/STM32L562E-DK/stm32l562e_discovery_bus.o
 .ARM.attributes
                0x0000000000000434       0x3a ./Drivers/TicTacToe/STM32L562E-DK/stm32l562e_discovery_lcd.o
 .ARM.attributes
                0x000000000000046e       0x3a ./Drivers/TicTacToe/STM32L562E-DK/stm32l562e_discovery_ts.o
 .ARM.attributes
                0x00000000000004a8       0x24 ./Example/Startup/startup_stm32l562qeixq.o
 .ARM.attributes
                0x00000000000004cc       0x3a ./Example/User/main.o
 .ARM.attributes
                0x0000000000000506       0x3a ./Example/User/stm32l5xx_it.o
 .ARM.attributes
                0x0000000000000540       0x3a ./Utilities/stm32_lcd.o
 .ARM.attributes
                0x000000000000057a       0x38 /opt/liu/stm32cubeide/1.14.0/2/plugins/com.st.stm32cube.ide.mcu.externaltools.gnu-tools-for-stm32.11.3.rel1.linux64_1.1.100.202309141235/tools/bin/../lib/gcc/arm-none-eabi/11.3.1/../../../../arm-none-eabi/lib/thumb/v8-m.main+fp/hard/libc_nano.a(libc_a-memset.o)
 .ARM.attributes
                0x00000000000005b2       0x38 /opt/liu/stm32cubeide/1.14.0/2/plugins/com.st.stm32cube.ide.mcu.externaltools.gnu-tools-for-stm32.11.3.rel1.linux64_1.1.100.202309141235/tools/bin/../lib/gcc/arm-none-eabi/11.3.1/../../../../arm-none-eabi/lib/thumb/v8-m.main+fp/hard/libc_nano.a(libc_a-init.o)
 .ARM.attributes
                0x00000000000005ea       0x22 /opt/liu/stm32cubeide/1.14.0/2/plugins/com.st.stm32cube.ide.mcu.externaltools.gnu-tools-for-stm32.11.3.rel1.linux64_1.1.100.202309141235/tools/bin/../lib/gcc/arm-none-eabi/11.3.1/thumb/v8-m.main+fp/hard/crtn.o
OUTPUT(TicTacToe.elf elf32-littlearm)
LOAD linker stubs
LOAD /opt/liu/stm32cubeide/1.14.0/2/plugins/com.st.stm32cube.ide.mcu.externaltools.gnu-tools-for-stm32.11.3.rel1.linux64_1.1.100.202309141235/tools/bin/../lib/gcc/arm-none-eabi/11.3.1/../../../../arm-none-eabi/lib/thumb/v8-m.main+fp/hard/libc.a
LOAD /opt/liu/stm32cubeide/1.14.0/2/plugins/com.st.stm32cube.ide.mcu.externaltools.gnu-tools-for-stm32.11.3.rel1.linux64_1.1.100.202309141235/tools/bin/../lib/gcc/arm-none-eabi/11.3.1/../../../../arm-none-eabi/lib/thumb/v8-m.main+fp/hard/libm.a
LOAD /opt/liu/stm32cubeide/1.14.0/2/plugins/com.st.stm32cube.ide.mcu.externaltools.gnu-tools-for-stm32.11.3.rel1.linux64_1.1.100.202309141235/tools/bin/../lib/gcc/arm-none-eabi/11.3.1/thumb/v8-m.main+fp/hard/libgcc.a

.comment        0x0000000000000000       0x43
 .comment       0x0000000000000000       0x43 /opt/liu/stm32cubeide/1.14.0/2/plugins/com.st.stm32cube.ide.mcu.externaltools.gnu-tools-for-stm32.11.3.rel1.linux64_1.1.100.202309141235/tools/bin/../lib/gcc/arm-none-eabi/11.3.1/thumb/v8-m.main+fp/hard/crtbegin.o
                                         0x44 (size before relaxing)
 .comment       0x0000000000000043       0x44 ./Drivers/CMSIS/system_stm32l5xx.o
 .comment       0x0000000000000043       0x44 ./Drivers/STM32L5xx_HAL_Driver/stm32l5xx_hal.o
 .comment       0x0000000000000043       0x44 ./Drivers/STM32L5xx_HAL_Driver/stm32l5xx_hal_cortex.o
 .comment       0x0000000000000043       0x44 ./Drivers/STM32L5xx_HAL_Driver/stm32l5xx_hal_exti.o
 .comment       0x0000000000000043       0x44 ./Drivers/STM32L5xx_HAL_Driver/stm32l5xx_hal_gpio.o
 .comment       0x0000000000000043       0x44 ./Drivers/STM32L5xx_HAL_Driver/stm32l5xx_hal_i2c.o
 .comment       0x0000000000000043       0x44 ./Drivers/STM32L5xx_HAL_Driver/stm32l5xx_hal_i2c_ex.o
 .comment       0x0000000000000043       0x44 ./Drivers/STM32L5xx_HAL_Driver/stm32l5xx_hal_pwr_ex.o
 .comment       0x0000000000000043       0x44 ./Drivers/STM32L5xx_HAL_Driver/stm32l5xx_hal_rcc.o
 .comment       0x0000000000000043       0x44 ./Drivers/STM32L5xx_HAL_Driver/stm32l5xx_hal_sram.o
 .comment       0x0000000000000043       0x44 ./Drivers/STM32L5xx_HAL_Driver/stm32l5xx_ll_fmc.o
 .comment       0x0000000000000043       0x44 ./Drivers/TicTacToe/Components/ft6x06.o
 .comment       0x0000000000000043       0x44 ./Drivers/TicTacToe/Components/ft6x06_reg.o
 .comment       0x0000000000000043       0x44 ./Drivers/TicTacToe/Components/st7789h2.o
 .comment       0x0000000000000043       0x44 ./Drivers/TicTacToe/Components/st7789h2_reg.o
 .comment       0x0000000000000043       0x44 ./Drivers/TicTacToe/STM32L562E-DK/stm32l562e_discovery.o
 .comment       0x0000000000000043       0x44 ./Drivers/TicTacToe/STM32L562E-DK/stm32l562e_discovery_bus.o
 .comment       0x0000000000000043       0x44 ./Drivers/TicTacToe/STM32L562E-DK/stm32l562e_discovery_lcd.o
 .comment       0x0000000000000043       0x44 ./Drivers/TicTacToe/STM32L562E-DK/stm32l562e_discovery_ts.o
 .comment       0x0000000000000043       0x44 ./Example/User/main.o
 .comment       0x0000000000000043       0x44 ./Example/User/stm32l5xx_it.o
 .comment       0x0000000000000043       0x44 ./Utilities/stm32_lcd.o

.debug_info     0x0000000000000000    0x13873
 .debug_info    0x0000000000000000      0x7e2 ./Drivers/CMSIS/system_stm32l5xx.o
 .debug_info    0x00000000000007e2      0xd05 ./Drivers/STM32L5xx_HAL_Driver/stm32l5xx_hal.o
 .debug_info    0x00000000000014e7     0x1099 ./Drivers/STM32L5xx_HAL_Driver/stm32l5xx_hal_cortex.o
 .debug_info    0x0000000000002580      0x7a1 ./Drivers/STM32L5xx_HAL_Driver/stm32l5xx_hal_exti.o
 .debug_info    0x0000000000002d21      0x5d4 ./Drivers/STM32L5xx_HAL_Driver/stm32l5xx_hal_gpio.o
 .debug_info    0x00000000000032f5     0x2185 ./Drivers/STM32L5xx_HAL_Driver/stm32l5xx_hal_i2c.o
 .debug_info    0x000000000000547a      0xbe0 ./Drivers/STM32L5xx_HAL_Driver/stm32l5xx_hal_i2c_ex.o
 .debug_info    0x000000000000605a      0xd73 ./Drivers/STM32L5xx_HAL_Driver/stm32l5xx_hal_pwr_ex.o
 .debug_info    0x0000000000006dcd      0xf75 ./Drivers/STM32L5xx_HAL_Driver/stm32l5xx_hal_rcc.o
 .debug_info    0x0000000000007d42      0xe7a ./Drivers/STM32L5xx_HAL_Driver/stm32l5xx_hal_sram.o
 .debug_info    0x0000000000008bbc      0x7d7 ./Drivers/STM32L5xx_HAL_Driver/stm32l5xx_ll_fmc.o
 .debug_info    0x0000000000009393      0xaa7 ./Drivers/TicTacToe/Components/ft6x06.o
 .debug_info    0x0000000000009e3a      0xb89 ./Drivers/TicTacToe/Components/ft6x06_reg.o
 .debug_info    0x000000000000a9c3      0xf38 ./Drivers/TicTacToe/Components/st7789h2.o
 .debug_info    0x000000000000b8fb      0x26b ./Drivers/TicTacToe/Components/st7789h2_reg.o
 .debug_info    0x000000000000bb66      0xe11 ./Drivers/TicTacToe/STM32L562E-DK/stm32l562e_discovery.o
 .debug_info    0x000000000000c977     0x1508 ./Drivers/TicTacToe/STM32L562E-DK/stm32l562e_discovery_bus.o
 .debug_info    0x000000000000de7f     0x1d53 ./Drivers/TicTacToe/STM32L562E-DK/stm32l562e_discovery_lcd.o
 .debug_info    0x000000000000fbd2     0x171a ./Drivers/TicTacToe/STM32L562E-DK/stm32l562e_discovery_ts.o
 .debug_info    0x00000000000112ec       0x23 ./Example/Startup/startup_stm32l562qeixq.o
 .debug_info    0x000000000001130f     0x1159 ./Example/User/main.o
 .debug_info    0x0000000000012468      0x1e4 ./Example/User/stm32l5xx_it.o
 .debug_info    0x000000000001264c     0x1227 ./Utilities/stm32_lcd.o

.debug_abbrev   0x0000000000000000     0x3023
 .debug_abbrev  0x0000000000000000      0x12b ./Drivers/CMSIS/system_stm32l5xx.o
 .debug_abbrev  0x000000000000012b      0x2cd ./Drivers/STM32L5xx_HAL_Driver/stm32l5xx_hal.o
 .debug_abbrev  0x00000000000003f8      0x32c ./Drivers/STM32L5xx_HAL_Driver/stm32l5xx_hal_cortex.o
 .debug_abbrev  0x0000000000000724      0x191 ./Drivers/STM32L5xx_HAL_Driver/stm32l5xx_hal_exti.o
 .debug_abbrev  0x00000000000008b5      0x1c2 ./Drivers/STM32L5xx_HAL_Driver/stm32l5xx_hal_gpio.o
 .debug_abbrev  0x0000000000000a77      0x258 ./Drivers/STM32L5xx_HAL_Driver/stm32l5xx_hal_i2c.o
 .debug_abbrev  0x0000000000000ccf      0x1e1 ./Drivers/STM32L5xx_HAL_Driver/stm32l5xx_hal_i2c_ex.o
 .debug_abbrev  0x0000000000000eb0      0x28c ./Drivers/STM32L5xx_HAL_Driver/stm32l5xx_hal_pwr_ex.o
 .debug_abbrev  0x000000000000113c      0x2fd ./Drivers/STM32L5xx_HAL_Driver/stm32l5xx_hal_rcc.o
 .debug_abbrev  0x0000000000001439      0x204 ./Drivers/STM32L5xx_HAL_Driver/stm32l5xx_hal_sram.o
 .debug_abbrev  0x000000000000163d      0x1a5 ./Drivers/STM32L5xx_HAL_Driver/stm32l5xx_ll_fmc.o
 .debug_abbrev  0x00000000000017e2      0x22a ./Drivers/TicTacToe/Components/ft6x06.o
 .debug_abbrev  0x0000000000001a0c      0x145 ./Drivers/TicTacToe/Components/ft6x06_reg.o
 .debug_abbrev  0x0000000000001b51      0x213 ./Drivers/TicTacToe/Components/st7789h2.o
 .debug_abbrev  0x0000000000001d64       0xdd ./Drivers/TicTacToe/Components/st7789h2_reg.o
 .debug_abbrev  0x0000000000001e41      0x29e ./Drivers/TicTacToe/STM32L562E-DK/stm32l562e_discovery.o
 .debug_abbrev  0x00000000000020df      0x317 ./Drivers/TicTacToe/STM32L562E-DK/stm32l562e_discovery_bus.o
 .debug_abbrev  0x00000000000023f6      0x317 ./Drivers/TicTacToe/STM32L562E-DK/stm32l562e_discovery_lcd.o
 .debug_abbrev  0x000000000000270d      0x30c ./Drivers/TicTacToe/STM32L562E-DK/stm32l562e_discovery_ts.o
 .debug_abbrev  0x0000000000002a19       0x12 ./Example/Startup/startup_stm32l562qeixq.o
 .debug_abbrev  0x0000000000002a2b      0x301 ./Example/User/main.o
 .debug_abbrev  0x0000000000002d2c       0xd1 ./Example/User/stm32l5xx_it.o
 .debug_abbrev  0x0000000000002dfd      0x226 ./Utilities/stm32_lcd.o

.debug_aranges  0x0000000000000000     0x11f0
 .debug_aranges
                0x0000000000000000       0x28 ./Drivers/CMSIS/system_stm32l5xx.o
 .debug_aranges
                0x0000000000000028      0x130 ./Drivers/STM32L5xx_HAL_Driver/stm32l5xx_hal.o
 .debug_aranges
                0x0000000000000158      0x130 ./Drivers/STM32L5xx_HAL_Driver/stm32l5xx_hal_cortex.o
 .debug_aranges
                0x0000000000000288       0x70 ./Drivers/STM32L5xx_HAL_Driver/stm32l5xx_hal_exti.o
 .debug_aranges
                0x00000000000002f8       0x60 ./Drivers/STM32L5xx_HAL_Driver/stm32l5xx_hal_gpio.o
 .debug_aranges
                0x0000000000000358      0x2a0 ./Drivers/STM32L5xx_HAL_Driver/stm32l5xx_hal_i2c.o
 .debug_aranges
                0x00000000000005f8       0x48 ./Drivers/STM32L5xx_HAL_Driver/stm32l5xx_hal_i2c_ex.o
 .debug_aranges
                0x0000000000000640      0x1b8 ./Drivers/STM32L5xx_HAL_Driver/stm32l5xx_hal_pwr_ex.o
 .debug_aranges
                0x00000000000007f8       0xa8 ./Drivers/STM32L5xx_HAL_Driver/stm32l5xx_hal_rcc.o
 .debug_aranges
                0x00000000000008a0       0xb8 ./Drivers/STM32L5xx_HAL_Driver/stm32l5xx_hal_sram.o
 .debug_aranges
                0x0000000000000958       0x80 ./Drivers/STM32L5xx_HAL_Driver/stm32l5xx_ll_fmc.o
 .debug_aranges
                0x00000000000009d8       0x98 ./Drivers/TicTacToe/Components/ft6x06.o
 .debug_aranges
                0x0000000000000a70      0x170 ./Drivers/TicTacToe/Components/ft6x06_reg.o
 .debug_aranges
                0x0000000000000be0       0xd8 ./Drivers/TicTacToe/Components/st7789h2.o
 .debug_aranges
                0x0000000000000cb8       0x30 ./Drivers/TicTacToe/Components/st7789h2_reg.o
 .debug_aranges
                0x0000000000000ce8       0x90 ./Drivers/TicTacToe/STM32L562E-DK/stm32l562e_discovery.o
 .debug_aranges
                0x0000000000000d78       0x98 ./Drivers/TicTacToe/STM32L562E-DK/stm32l562e_discovery_bus.o
 .debug_aranges
                0x0000000000000e10      0x100 ./Drivers/TicTacToe/STM32L562E-DK/stm32l562e_discovery_lcd.o
 .debug_aranges
                0x0000000000000f10       0x90 ./Drivers/TicTacToe/STM32L562E-DK/stm32l562e_discovery_ts.o
 .debug_aranges
                0x0000000000000fa0       0x28 ./Example/Startup/startup_stm32l562qeixq.o
 .debug_aranges
                0x0000000000000fc8       0x88 ./Example/User/main.o
 .debug_aranges
                0x0000000000001050       0x90 ./Example/User/stm32l5xx_it.o
 .debug_aranges
                0x00000000000010e0      0x110 ./Utilities/stm32_lcd.o

.debug_rnglists
                0x0000000000000000      0xdab
 .debug_rnglists
                0x0000000000000000       0x1a ./Drivers/CMSIS/system_stm32l5xx.o
 .debug_rnglists
                0x000000000000001a       0xdf ./Drivers/STM32L5xx_HAL_Driver/stm32l5xx_hal.o
 .debug_rnglists
                0x00000000000000f9       0xdf ./Drivers/STM32L5xx_HAL_Driver/stm32l5xx_hal_cortex.o
 .debug_rnglists
                0x00000000000001d8       0x53 ./Drivers/STM32L5xx_HAL_Driver/stm32l5xx_hal_exti.o
 .debug_rnglists
                0x000000000000022b       0x45 ./Drivers/STM32L5xx_HAL_Driver/stm32l5xx_hal_gpio.o
 .debug_rnglists
                0x0000000000000270      0x228 ./Drivers/STM32L5xx_HAL_Driver/stm32l5xx_hal_i2c.o
 .debug_rnglists
                0x0000000000000498       0x35 ./Drivers/STM32L5xx_HAL_Driver/stm32l5xx_hal_i2c_ex.o
 .debug_rnglists
                0x00000000000004cd      0x14e ./Drivers/STM32L5xx_HAL_Driver/stm32l5xx_hal_pwr_ex.o
 .debug_rnglists
                0x000000000000061b       0x80 ./Drivers/STM32L5xx_HAL_Driver/stm32l5xx_hal_rcc.o
 .debug_rnglists
                0x000000000000069b       0x8d ./Drivers/STM32L5xx_HAL_Driver/stm32l5xx_hal_sram.o
 .debug_rnglists
                0x0000000000000728       0x5e ./Drivers/STM32L5xx_HAL_Driver/stm32l5xx_ll_fmc.o
 .debug_rnglists
                0x0000000000000786       0x70 ./Drivers/TicTacToe/Components/ft6x06.o
 .debug_rnglists
                0x00000000000007f6      0x10f ./Drivers/TicTacToe/Components/ft6x06_reg.o
 .debug_rnglists
                0x0000000000000905       0xa3 ./Drivers/TicTacToe/Components/st7789h2.o
 .debug_rnglists
                0x00000000000009a8       0x1f ./Drivers/TicTacToe/Components/st7789h2_reg.o
 .debug_rnglists
                0x00000000000009c7       0x69 ./Drivers/TicTacToe/STM32L562E-DK/stm32l562e_discovery.o
 .debug_rnglists
                0x0000000000000a30       0x93 ./Drivers/TicTacToe/STM32L562E-DK/stm32l562e_discovery_bus.o
 .debug_rnglists
                0x0000000000000ac3       0xc1 ./Drivers/TicTacToe/STM32L562E-DK/stm32l562e_discovery_lcd.o
 .debug_rnglists
                0x0000000000000b84       0x6d ./Drivers/TicTacToe/STM32L562E-DK/stm32l562e_discovery_ts.o
 .debug_rnglists
                0x0000000000000bf1       0x19 ./Example/Startup/startup_stm32l562qeixq.o
 .debug_rnglists
                0x0000000000000c0a       0x67 ./Example/User/main.o
 .debug_rnglists
                0x0000000000000c71       0x67 ./Example/User/stm32l5xx_it.o
 .debug_rnglists
                0x0000000000000cd8       0xd3 ./Utilities/stm32_lcd.o

.debug_macro    0x0000000000000000    0x2c245
 .debug_macro   0x0000000000000000      0x256 ./Drivers/CMSIS/system_stm32l5xx.o
 .debug_macro   0x0000000000000256      0xaae ./Drivers/CMSIS/system_stm32l5xx.o
 .debug_macro   0x0000000000000d04       0x2e ./Drivers/CMSIS/system_stm32l5xx.o
 .debug_macro   0x0000000000000d32       0x42 ./Drivers/CMSIS/system_stm32l5xx.o
 .debug_macro   0x0000000000000d74       0x22 ./Drivers/CMSIS/system_stm32l5xx.o
 .debug_macro   0x0000000000000d96       0x8e ./Drivers/CMSIS/system_stm32l5xx.o
 .debug_macro   0x0000000000000e24       0x51 ./Drivers/CMSIS/system_stm32l5xx.o
 .debug_macro   0x0000000000000e75      0x103 ./Drivers/CMSIS/system_stm32l5xx.o
 .debug_macro   0x0000000000000f78       0x6a ./Drivers/CMSIS/system_stm32l5xx.o
 .debug_macro   0x0000000000000fe2      0x1df ./Drivers/CMSIS/system_stm32l5xx.o
 .debug_macro   0x00000000000011c1       0x1c ./Drivers/CMSIS/system_stm32l5xx.o
 .debug_macro   0x00000000000011dd       0x29 ./Drivers/CMSIS/system_stm32l5xx.o
 .debug_macro   0x0000000000001206       0xfb ./Drivers/CMSIS/system_stm32l5xx.o
 .debug_macro   0x0000000000001301     0x1336 ./Drivers/CMSIS/system_stm32l5xx.o
 .debug_macro   0x0000000000002637       0x5e ./Drivers/CMSIS/system_stm32l5xx.o
 .debug_macro   0x0000000000002695    0x1bca6 ./Drivers/CMSIS/system_stm32l5xx.o
 .debug_macro   0x000000000001e33b       0x6c ./Drivers/CMSIS/system_stm32l5xx.o
 .debug_macro   0x000000000001e3a7      0x1a6 ./Drivers/CMSIS/system_stm32l5xx.o
 .debug_macro   0x000000000001e54d     0x3535 ./Drivers/CMSIS/system_stm32l5xx.o
 .debug_macro   0x0000000000021a82      0x174 ./Drivers/CMSIS/system_stm32l5xx.o
 .debug_macro   0x0000000000021bf6       0x5c ./Drivers/CMSIS/system_stm32l5xx.o
 .debug_macro   0x0000000000021c52     0x19cd ./Drivers/CMSIS/system_stm32l5xx.o
 .debug_macro   0x000000000002361f      0xa52 ./Drivers/CMSIS/system_stm32l5xx.o
 .debug_macro   0x0000000000024071      0x1cf ./Drivers/CMSIS/system_stm32l5xx.o
 .debug_macro   0x0000000000024240      0x1d8 ./Drivers/CMSIS/system_stm32l5xx.o
 .debug_macro   0x0000000000024418      0x4e1 ./Drivers/CMSIS/system_stm32l5xx.o
 .debug_macro   0x00000000000248f9      0x1ab ./Drivers/CMSIS/system_stm32l5xx.o
 .debug_macro   0x0000000000024aa4       0x4a ./Drivers/CMSIS/system_stm32l5xx.o
 .debug_macro   0x0000000000024aee      0x1df ./Drivers/CMSIS/system_stm32l5xx.o
 .debug_macro   0x0000000000024ccd       0x10 ./Drivers/CMSIS/system_stm32l5xx.o
 .debug_macro   0x0000000000024cdd       0xb3 ./Drivers/CMSIS/system_stm32l5xx.o
 .debug_macro   0x0000000000024d90      0x1b9 ./Drivers/CMSIS/system_stm32l5xx.o
 .debug_macro   0x0000000000024f49      0x230 ./Drivers/CMSIS/system_stm32l5xx.o
 .debug_macro   0x0000000000025179      0x3bb ./Drivers/CMSIS/system_stm32l5xx.o
 .debug_macro   0x0000000000025534       0x36 ./Drivers/CMSIS/system_stm32l5xx.o
 .debug_macro   0x000000000002556a      0x11c ./Drivers/CMSIS/system_stm32l5xx.o
 .debug_macro   0x0000000000025686      0x22c ./Drivers/CMSIS/system_stm32l5xx.o
 .debug_macro   0x00000000000258b2       0x5b ./Drivers/CMSIS/system_stm32l5xx.o
 .debug_macro   0x000000000002590d       0xa5 ./Drivers/CMSIS/system_stm32l5xx.o
 .debug_macro   0x00000000000259b2       0xc8 ./Drivers/CMSIS/system_stm32l5xx.o
 .debug_macro   0x0000000000025a7a      0x486 ./Drivers/CMSIS/system_stm32l5xx.o
 .debug_macro   0x0000000000025f00      0x199 ./Drivers/CMSIS/system_stm32l5xx.o
 .debug_macro   0x0000000000026099      0x487 ./Drivers/CMSIS/system_stm32l5xx.o
 .debug_macro   0x0000000000026520      0x3ad ./Drivers/CMSIS/system_stm32l5xx.o
 .debug_macro   0x00000000000268cd       0x10 ./Drivers/CMSIS/system_stm32l5xx.o
 .debug_macro   0x00000000000268dd       0xe4 ./Drivers/CMSIS/system_stm32l5xx.o
 .debug_macro   0x00000000000269c1      0x81b ./Drivers/CMSIS/system_stm32l5xx.o
 .debug_macro   0x00000000000271dc      0x1ce ./Drivers/CMSIS/system_stm32l5xx.o
 .debug_macro   0x00000000000273aa      0x332 ./Drivers/CMSIS/system_stm32l5xx.o
 .debug_macro   0x00000000000276dc      0x693 ./Drivers/CMSIS/system_stm32l5xx.o
 .debug_macro   0x0000000000027d6f       0xa6 ./Drivers/CMSIS/system_stm32l5xx.o
 .debug_macro   0x0000000000027e15      0x3f1 ./Drivers/CMSIS/system_stm32l5xx.o
 .debug_macro   0x0000000000028206      0x286 ./Drivers/STM32L5xx_HAL_Driver/stm32l5xx_hal.o
 .debug_macro   0x000000000002848c      0x256 ./Drivers/STM32L5xx_HAL_Driver/stm32l5xx_hal_cortex.o
 .debug_macro   0x00000000000286e2      0x26e ./Drivers/STM32L5xx_HAL_Driver/stm32l5xx_hal_exti.o
 .debug_macro   0x0000000000028950      0x25c ./Drivers/STM32L5xx_HAL_Driver/stm32l5xx_hal_gpio.o
 .debug_macro   0x0000000000028bac      0x322 ./Drivers/STM32L5xx_HAL_Driver/stm32l5xx_hal_i2c.o
 .debug_macro   0x0000000000028ece      0x256 ./Drivers/STM32L5xx_HAL_Driver/stm32l5xx_hal_i2c_ex.o
 .debug_macro   0x0000000000029124      0x286 ./Drivers/STM32L5xx_HAL_Driver/stm32l5xx_hal_pwr_ex.o
 .debug_macro   0x00000000000293aa      0x280 ./Drivers/STM32L5xx_HAL_Driver/stm32l5xx_hal_rcc.o
 .debug_macro   0x000000000002962a      0x256 ./Drivers/STM32L5xx_HAL_Driver/stm32l5xx_hal_sram.o
 .debug_macro   0x0000000000029880      0x274 ./Drivers/STM32L5xx_HAL_Driver/stm32l5xx_ll_fmc.o
 .debug_macro   0x0000000000029af4       0x93 ./Drivers/TicTacToe/Components/ft6x06.o
 .debug_macro   0x0000000000029b87      0x318 ./Drivers/TicTacToe/Components/ft6x06.o
 .debug_macro   0x0000000000029e9f       0x1c ./Drivers/TicTacToe/Components/ft6x06.o
 .debug_macro   0x0000000000029ebb       0x7c ./Drivers/TicTacToe/Components/ft6x06.o
 .debug_macro   0x0000000000029f37       0x72 ./Drivers/TicTacToe/Components/ft6x06_reg.o
 .debug_macro   0x0000000000029fa9       0x8a ./Drivers/TicTacToe/Components/st7789h2.o
 .debug_macro   0x000000000002a033      0x202 ./Drivers/TicTacToe/Components/st7789h2.o
 .debug_macro   0x000000000002a235       0x40 ./Drivers/TicTacToe/Components/st7789h2.o
 .debug_macro   0x000000000002a275       0x72 ./Drivers/TicTacToe/Components/st7789h2_reg.o
 .debug_macro   0x000000000002a2e7      0x27d ./Drivers/TicTacToe/STM32L562E-DK/stm32l562e_discovery.o
 .debug_macro   0x000000000002a564       0x46 ./Drivers/TicTacToe/STM32L562E-DK/stm32l562e_discovery.o
 .debug_macro   0x000000000002a5aa       0x94 ./Drivers/TicTacToe/STM32L562E-DK/stm32l562e_discovery.o
 .debug_macro   0x000000000002a63e       0x90 ./Drivers/TicTacToe/STM32L562E-DK/stm32l562e_discovery.o
 .debug_macro   0x000000000002a6ce      0x2d1 ./Drivers/TicTacToe/STM32L562E-DK/stm32l562e_discovery_bus.o
 .debug_macro   0x000000000002a99f       0x58 ./Drivers/TicTacToe/STM32L562E-DK/stm32l562e_discovery_bus.o
 .debug_macro   0x000000000002a9f7      0x2ea ./Drivers/TicTacToe/STM32L562E-DK/stm32l562e_discovery_lcd.o
 .debug_macro   0x000000000002ace1       0x3a ./Drivers/TicTacToe/STM32L562E-DK/stm32l562e_discovery_lcd.o
 .debug_macro   0x000000000002ad1b      0x208 ./Drivers/TicTacToe/STM32L562E-DK/stm32l562e_discovery_lcd.o
 .debug_macro   0x000000000002af23       0xb8 ./Drivers/TicTacToe/STM32L562E-DK/stm32l562e_discovery_lcd.o
 .debug_macro   0x000000000002afdb      0x2c7 ./Drivers/TicTacToe/STM32L562E-DK/stm32l562e_discovery_ts.o
 .debug_macro   0x000000000002b2a2      0x31e ./Drivers/TicTacToe/STM32L562E-DK/stm32l562e_discovery_ts.o
 .debug_macro   0x000000000002b5c0       0x40 ./Drivers/TicTacToe/STM32L562E-DK/stm32l562e_discovery_ts.o
 .debug_macro   0x000000000002b600      0x46c ./Example/User/main.o
 .debug_macro   0x000000000002ba6c       0x4c ./Example/User/main.o
 .debug_macro   0x000000000002bab8       0xee ./Example/User/main.o
 .debug_macro   0x000000000002bba6       0x1c ./Example/User/main.o
 .debug_macro   0x000000000002bbc2       0x10 ./Example/User/main.o
 .debug_macro   0x000000000002bbd2       0x1c ./Example/User/main.o
 .debug_macro   0x000000000002bbee       0x16 ./Example/User/main.o
 .debug_macro   0x000000000002bc04      0x147 ./Example/User/main.o
 .debug_macro   0x000000000002bd4b      0x430 ./Example/User/stm32l5xx_it.o
 .debug_macro   0x000000000002c17b       0xca ./Utilities/stm32_lcd.o

.debug_line     0x0000000000000000    0x13c4c
 .debug_line    0x0000000000000000      0x87e ./Drivers/CMSIS/system_stm32l5xx.o
 .debug_line    0x000000000000087e      0xbf6 ./Drivers/STM32L5xx_HAL_Driver/stm32l5xx_hal.o
 .debug_line    0x0000000000001474      0xdee ./Drivers/STM32L5xx_HAL_Driver/stm32l5xx_hal_cortex.o
 .debug_line    0x0000000000002262      0xc1e ./Drivers/STM32L5xx_HAL_Driver/stm32l5xx_hal_exti.o
 .debug_line    0x0000000000002e80      0xc3b ./Drivers/STM32L5xx_HAL_Driver/stm32l5xx_hal_gpio.o
 .debug_line    0x0000000000003abb     0x384e ./Drivers/STM32L5xx_HAL_Driver/stm32l5xx_hal_i2c.o
 .debug_line    0x0000000000007309      0xa09 ./Drivers/STM32L5xx_HAL_Driver/stm32l5xx_hal_i2c_ex.o
 .debug_line    0x0000000000007d12      0xfaa ./Drivers/STM32L5xx_HAL_Driver/stm32l5xx_hal_pwr_ex.o
 .debug_line    0x0000000000008cbc     0x1333 ./Drivers/STM32L5xx_HAL_Driver/stm32l5xx_hal_rcc.o
 .debug_line    0x0000000000009fef      0xdee ./Drivers/STM32L5xx_HAL_Driver/stm32l5xx_hal_sram.o
 .debug_line    0x000000000000addd      0xa72 ./Drivers/STM32L5xx_HAL_Driver/stm32l5xx_ll_fmc.o
 .debug_line    0x000000000000b84f      0x6e0 ./Drivers/TicTacToe/Components/ft6x06.o
 .debug_line    0x000000000000bf2f      0x876 ./Drivers/TicTacToe/Components/ft6x06_reg.o
 .debug_line    0x000000000000c7a5      0xcad ./Drivers/TicTacToe/Components/st7789h2.o
 .debug_line    0x000000000000d452      0x3ea ./Drivers/TicTacToe/Components/st7789h2_reg.o
 .debug_line    0x000000000000d83c      0xa35 ./Drivers/TicTacToe/STM32L562E-DK/stm32l562e_discovery.o
 .debug_line    0x000000000000e271      0xd63 ./Drivers/TicTacToe/STM32L562E-DK/stm32l562e_discovery_bus.o
 .debug_line    0x000000000000efd4      0xf2d ./Drivers/TicTacToe/STM32L562E-DK/stm32l562e_discovery_lcd.o
 .debug_line    0x000000000000ff01      0xef0 ./Drivers/TicTacToe/STM32L562E-DK/stm32l562e_discovery_ts.o
 .debug_line    0x0000000000010df1       0x79 ./Example/Startup/startup_stm32l562qeixq.o
 .debug_line    0x0000000000010e6a     0x118c ./Example/User/main.o
 .debug_line    0x0000000000011ff6      0xd68 ./Example/User/stm32l5xx_it.o
 .debug_line    0x0000000000012d5e      0xeee ./Utilities/stm32_lcd.o

.debug_str      0x0000000000000000   0x1188ec
 .debug_str     0x0000000000000000   0x109c9b ./Drivers/CMSIS/system_stm32l5xx.o
                                     0x109f63 (size before relaxing)
 .debug_str     0x0000000000109c9b      0xc25 ./Drivers/STM32L5xx_HAL_Driver/stm32l5xx_hal.o
                                     0x10aafe (size before relaxing)
 .debug_str     0x000000000010a8c0      0x3d2 ./Drivers/STM32L5xx_HAL_Driver/stm32l5xx_hal_cortex.o
                                     0x10a905 (size before relaxing)